Component: ARM Compiler 5.06 update 7 (build 960) Tool: armlink [4d3601]

==============================================================================

Section Cross References

    system_stm32l1xx.o(i.SystemCoreClockUpdate) refers to system_stm32l1xx.o(.data) for SystemCoreClock
    system_stm32l1xx.o(i.SystemCoreClockUpdate) refers to system_stm32l1xx.o(.constdata) for PLLMulTable
    startup_stm32l152xb.o(STACK) refers (Special) to heapauxi.o(.text) for __use_two_region_memory
    startup_stm32l152xb.o(HEAP) refers (Special) to heapauxi.o(.text) for __use_two_region_memory
    startup_stm32l152xb.o(RESET) refers (Special) to heapauxi.o(.text) for __use_two_region_memory
    startup_stm32l152xb.o(RESET) refers to startup_stm32l152xb.o(STACK) for __initial_sp
    startup_stm32l152xb.o(RESET) refers to startup_stm32l152xb.o(.text) for Reset_Handler
    startup_stm32l152xb.o(RESET) refers to main.o(i.EXTI9_5_IRQHandler) for EXTI9_5_IRQHandler
    startup_stm32l152xb.o(RESET) refers to main.o(i.TIM4_IRQHandler) for TIM4_IRQHandler
    startup_stm32l152xb.o(RESET) refers to main.o(i.EXTI15_10_IRQHandler) for EXTI15_10_IRQHandler
    startup_stm32l152xb.o(.text) refers (Special) to heapauxi.o(.text) for __use_two_region_memory
    startup_stm32l152xb.o(.text) refers to system_stm32l1xx.o(i.SystemInit) for SystemInit
    startup_stm32l152xb.o(.text) refers to __main.o(!!!main) for __main
    startup_stm32l152xb.o(.text) refers to startup_stm32l152xb.o(HEAP) for Heap_Mem
    startup_stm32l152xb.o(.text) refers to startup_stm32l152xb.o(STACK) for Stack_Mem
    main.o(i.Config_Motor) refers to main.o(i.LL_AHB1_GRP1_EnableClock) for LL_AHB1_GRP1_EnableClock
    main.o(i.Config_Motor) refers to stm32l1xx_ll_gpio.o(i.LL_GPIO_Init) for LL_GPIO_Init
    main.o(i.CountPeople) refers to main.o(i.LL_GPIO_IsInputPinSet) for LL_GPIO_IsInputPinSet
    main.o(i.CountPeople) refers to main.o(i.LL_TIM_GetCounter) for LL_TIM_GetCounter
    main.o(i.CountPeople) refers to stm32l1xx_ll_utils.o(i.LL_mDelay) for LL_mDelay
    main.o(i.CountPeople) refers to main.o(i.LL_TIM_SetCounter) for LL_TIM_SetCounter
    main.o(i.CountPeople) refers to main.o(i.LL_TIM_ClearFlag_UPDATE) for LL_TIM_ClearFlag_UPDATE
    main.o(i.CountPeople) refers to main.o(i.TIM_OC_Config_buzzer) for TIM_OC_Config_buzzer
    main.o(i.CountPeople) refers to main.o(i.TIM_BASE_DurationConfig) for TIM_BASE_DurationConfig
    main.o(i.CountPeople) refers to main.o(.data) for IRout
    main.o(i.DS1820_GPIO_Configure) refers to main.o(i.LL_AHB1_GRP1_EnableClock) for LL_AHB1_GRP1_EnableClock
    main.o(i.DS1820_GPIO_Configure) refers to stm32l1xx_ll_gpio.o(i.LL_GPIO_Init) for LL_GPIO_Init
    main.o(i.DS1820_ResetPulse) refers to main.o(i.OW_Master) for OW_Master
    main.o(i.DS1820_ResetPulse) refers to main.o(i.LL_GPIO_ResetOutputPin) for LL_GPIO_ResetOutputPin
    main.o(i.DS1820_ResetPulse) refers to dwt_delay.o(i.DWT_Delay) for DWT_Delay
    main.o(i.DS1820_ResetPulse) refers to main.o(i.OW_Slave) for OW_Slave
    main.o(i.DS1820_ResetPulse) refers to main.o(i.LL_GPIO_IsInputPinSet) for LL_GPIO_IsInputPinSet
    main.o(i.EXTI15_10_IRQHandler) refers to main.o(i.LL_EXTI_IsActiveFlag_0_31) for LL_EXTI_IsActiveFlag_0_31
    main.o(i.EXTI15_10_IRQHandler) refers to main.o(i.LL_GPIO_ResetOutputPin) for LL_GPIO_ResetOutputPin
    main.o(i.EXTI15_10_IRQHandler) refers to main.o(i.LL_GPIO_SetOutputPin) for LL_GPIO_SetOutputPin
    main.o(i.EXTI15_10_IRQHandler) refers to main.o(i.LL_EXTI_ClearFlag_0_31) for LL_EXTI_ClearFlag_0_31
    main.o(i.EXTI15_10_IRQHandler) refers to main.o(.data) for f_count
    main.o(i.EXTI9_5_IRQHandler) refers to main.o(i.LL_EXTI_IsActiveFlag_0_31) for LL_EXTI_IsActiveFlag_0_31
    main.o(i.EXTI9_5_IRQHandler) refers to main.o(i.LL_TIM_EnableCounter) for LL_TIM_EnableCounter
    main.o(i.EXTI9_5_IRQHandler) refers to main.o(i.LL_GPIO_SetOutputPin) for LL_GPIO_SetOutputPin
    main.o(i.EXTI9_5_IRQHandler) refers to main.o(i.LL_GPIO_ResetOutputPin) for LL_GPIO_ResetOutputPin
    main.o(i.EXTI9_5_IRQHandler) refers to main.o(i.LL_EXTI_ClearFlag_0_31) for LL_EXTI_ClearFlag_0_31
    main.o(i.EXTI9_5_IRQHandler) refers to main.o(.data) for sw_count
    main.o(i.GPIO_Config) refers to main.o(i.LL_AHB1_GRP1_EnableClock) for LL_AHB1_GRP1_EnableClock
    main.o(i.GPIO_Config) refers to stm32l1xx_ll_gpio.o(i.LL_GPIO_Init) for LL_GPIO_Init
    main.o(i.IR_GPIO_Config) refers to main.o(i.LL_AHB1_GRP1_EnableClock) for LL_AHB1_GRP1_EnableClock
    main.o(i.IR_GPIO_Config) refers to stm32l1xx_ll_gpio.o(i.LL_GPIO_Init) for LL_GPIO_Init
    main.o(i.LED_Config) refers to main.o(i.LL_AHB1_GRP1_EnableClock) for LL_AHB1_GRP1_EnableClock
    main.o(i.LED_Config) refers to stm32l1xx_ll_gpio.o(i.LL_GPIO_Init) for LL_GPIO_Init
    main.o(i.OW_Master) refers to main.o(i.LL_GPIO_SetPinMode) for LL_GPIO_SetPinMode
    main.o(i.OW_Master) refers to main.o(i.LL_GPIO_SetPinPull) for LL_GPIO_SetPinPull
    main.o(i.OW_ReadBit) refers to main.o(i.OW_Master) for OW_Master
[...]
    libinit.o(.ARM.Collect$$libinit$$00000000) refers (Special) to libinit2.o(.ARM.Collect$$libinit$$0000000E) for __rt_lib_init_rand_1
    libinit.o(.ARM.Collect$$libinit$$00000000) refers (Special) to libinit2.o(.ARM.Collect$$libinit$$00000033) for __rt_lib_init_return
    libinit.o(.ARM.Collect$$libinit$$00000000) refers (Special) to libinit2.o(.ARM.Collect$$libinit$$0000001D) for __rt_lib_init_signal_1
    libinit.o(.ARM.Collect$$libinit$$00000000) refers (Special) to libinit2.o(.ARM.Collect$$libinit$$00000025) for __rt_lib_init_stdio_1
    libinit.o(.ARM.Collect$$libinit$$00000000) refers (Special) to libinit2.o(.ARM.Collect$$libinit$$0000000C) for __rt_lib_init_user_alloc_1
    libspace.o(.text) refers to libspace.o(.bss) for __libspace_start
    rtexit.o(.ARM.Collect$$rtexit$$00000000) refers (Special) to rtexit2.o(.ARM.Collect$$rtexit$$00000004) for __rt_exit_exit
    rtexit.o(.ARM.Collect$$rtexit$$00000000) refers (Special) to rtexit2.o(.ARM.Collect$$rtexit$$00000003) for __rt_exit_ls
    rtexit.o(.ARM.Collect$$rtexit$$00000000) refers (Special) to rtexit2.o(.ARM.Collect$$rtexit$$00000002) for __rt_exit_prels_1
    rtexit.o(.ARM.exidx) refers (Special) to rtexit2.o(.ARM.Collect$$rtexit$$00000004) for __rt_exit_exit
    rtexit.o(.ARM.exidx) refers (Special) to rtexit2.o(.ARM.Collect$$rtexit$$00000003) for __rt_exit_ls
    rtexit.o(.ARM.exidx) refers (Special) to rtexit2.o(.ARM.Collect$$rtexit$$00000002) for __rt_exit_prels_1
    rtexit.o(.ARM.exidx) refers to rtexit.o(.ARM.Collect$$rtexit$$00000000) for .ARM.Collect$$rtexit$$00000000
    libinit2.o(.ARM.Collect$$libinit$$00000010) refers to libinit2.o(.ARM.Collect$$libinit$$0000000F) for .ARM.Collect$$libinit$$0000000F
    libinit2.o(.ARM.Collect$$libinit$$00000012) refers to libinit2.o(.ARM.Collect$$libinit$$0000000F) for .ARM.Collect$$libinit$$0000000F
    libinit2.o(.ARM.Collect$$libinit$$00000014) refers to libinit2.o(.ARM.Collect$$libinit$$0000000F) for .ARM.Collect$$libinit$$0000000F
    libinit2.o(.ARM.Collect$$libinit$$00000016) refers to libinit2.o(.ARM.Collect$$libinit$$0000000F) for .ARM.Collect$$libinit$$0000000F
    libinit2.o(.ARM.Collect$$libinit$$00000018) refers to libinit2.o(.ARM.Collect$$libinit$$0000000F) for .ARM.Collect$$libinit$$0000000F
    libinit2.o(.ARM.Collect$$libinit$$00000026) refers to argv_veneer.o(.emb_text) for __ARM_argv_veneer
    libinit2.o(.ARM.Collect$$libinit$$00000027) refers to argv_veneer.o(.emb_text) for __ARM_argv_veneer
    rtexit2.o(.ARM.Collect$$rtexit$$00000003) refers to libshutdown.o(.ARM.Collect$$libshutdown$$00000000) for __rt_lib_shutdown
    rtexit2.o(.ARM.Collect$$rtexit$$00000004) refers to sys_exit.o(.text) for _sys_exit
    rtexit2.o(.ARM.exidx) refers to rtexit2.o(.ARM.Collect$$rtexit$$00000001) for .ARM.Collect$$rtexit$$00000001
    rtexit2.o(.ARM.exidx) refers to rtexit2.o(.ARM.Collect$$rtexit$$00000003) for .ARM.Collect$$rtexit$$00000003
    rtexit2.o(.ARM.exidx) refers to rtexit2.o(.ARM.Collect$$rtexit$$00000004) for .ARM.Collect$$rtexit$$00000004
    argv_veneer.o(.emb_text) refers to no_argv.o(.text) for __ARM_get_argv
    sys_exit.o(.text) refers (Special) to use_no_semi.o(.text) for __I$use$semihosting
    sys_exit.o(.text) refers (Special) to indicate_semi.o(.text) for __semihosting_library_function
    _get_argv_nomalloc.o(.text) refers (Special) to hrguard.o(.text) for __heap_region$guard
    _get_argv_nomalloc.o(.text) refers to defsig_rtmem_outer.o(.text) for __rt_SIGRTMEM
    _get_argv_nomalloc.o(.text) refers to sys_command.o(.text) for _sys_command_string
    libshutdown.o(.ARM.Collect$$libshutdown$$00000000) refers (Special) to libshutdown2.o(.ARM.Collect$$libshutdown$$00000004) for __rt_lib_shutdown_cpp_1
    libshutdown.o(.ARM.Collect$$libshutdown$$00000000) refers (Special) to libshutdown2.o(.ARM.Collect$$libshutdown$$00000002) for __rt_lib_shutdown_fini_1
    libshutdown.o(.ARM.Collect$$libshutdown$$00000000) refers (Special) to libshutdown2.o(.ARM.Collect$$libshutdown$$00000009) for __rt_lib_shutdown_fp_trap_1
    libshutdown.o(.ARM.Collect$$libshutdown$$00000000) refers (Special) to libshutdown2.o(.ARM.Collect$$libshutdown$$00000011) for __rt_lib_shutdown_heap_1
    libshutdown.o(.ARM.Collect$$libshutdown$$00000000) refers (Special) to libshutdown2.o(.ARM.Collect$$libshutdown$$00000012) for __rt_lib_shutdown_return
    libshutdown.o(.ARM.Collect$$libshutdown$$00000000) refers (Special) to libshutdown2.o(.ARM.Collect$$libshutdown$$0000000C) for __rt_lib_shutdown_signal_1
    libshutdown.o(.ARM.Collect$$libshutdown$$00000000) refers (Special) to libshutdown2.o(.ARM.Collect$$libshutdown$$00000006) for __rt_lib_shutdown_stdio_1
    libshutdown.o(.ARM.Collect$$libshutdown$$00000000) refers (Special) to libshutdown2.o(.ARM.Collect$$libshutdown$$0000000E) for __rt_lib_shutdown_user_alloc_1
    sys_command.o(.text) refers (Special) to use_no_semi.o(.text) for __I$use$semihosting
    sys_command.o(.text) refers (Special) to indicate_semi.o(.text) for __semihosting_library_function
    defsig_rtmem_outer.o(.text) refers to defsig_rtmem_inner.o(.text) for __rt_SIGRTMEM_inner
    defsig_rtmem_outer.o(.text) refers to defsig_exit.o(.text) for __sig_exit
    defsig_rtmem_formal.o(.text) refers to rt_raise.o(.text) for __rt_raise
    rt_raise.o(.text) refers to __raise.o(.text) for __raise
    rt_raise.o(.text) refers to sys_exit.o(.text) for _sys_exit
    defsig_exit.o(.text) refers to sys_exit.o(.text) for _sys_exit
    defsig_rtmem_inner.o(.text) refers to defsig_general.o(.text) for __default_signal_display
    __raise.o(.text) refers to defsig.o(CL$$defsig) for __default_signal_handler
    defsig_general.o(.text) refers to sys_wrch.o(.text) for _ttywrch
    sys_wrch.o(.text) refers (Special) to use_no_semi.o(.text) for __I$use$semihosting
    sys_wrch.o(.text) refers (Special) to indicate_semi.o(.text) for __semihosting_library_function
    defsig.o(CL$$defsig) refers to defsig_rtmem_inner.o(.text) for __rt_SIGRTMEM_inner
    defsig_abrt_inner.o(.text) refers to defsig_general.o(.text) for __default_signal_display
    defsig_fpe_inner.o(.text) refers to defsig_general.o(.text) for __default_signal_display
    defsig_rtred_inner.o(.text) refers to defsig_general.o(.text) for __default_signal_display
    defsig_stak_inner.o(.text) refers to defsig_general.o(.text) for __default_signal_display
    defsig_pvfn_inner.o(.text) refers to defsig_general.o(.text) for __default_signal_display
    defsig_cppl_inner.o(.text) refers to defsig_general.o(.text) for __default_signal_display
    defsig_segv_inner.o(.text) refers to defsig_general.o(.text) for __default_signal_display
    defsig_other.o(.text) refers to defsig_general.o(.text) for __default_signal_display


==============================================================================

Removing Unused input sections from the image.

    Removing system_stm32l1xx.o(.rev16_text), (4 bytes).
    Removing system_stm32l1xx.o(.revsh_text), (4 bytes).
    Removing system_stm32l1xx.o(.rrx_text), (6 bytes).
    Removing system_stm32l1xx.o(i.SystemCoreClockUpdate), (220 bytes).
    Removing system_stm32l1xx.o(.constdata), (33 bytes).
    Removing main.o(.rev16_text), (4 bytes).
    Removing main.o(.revsh_text), (4 bytes).
    Removing main.o(.rrx_text), (6 bytes).
    Removing main.o(.constdata), (28 bytes).
    Removing stm32l1xx_ll_lcd.o(.rev16_text), (4 bytes).
    Removing stm32l1xx_ll_lcd.o(.revsh_text), (4 bytes).
    Removing stm32l1xx_ll_lcd.o(.rrx_text), (6 bytes).
    Removing stm32l1xx_ll_lcd.o(i.LCD_WaitForSynchro), (24 bytes).
    Removing stm32l1xx_ll_lcd.o(i.LL_LCD_Clear), (52 bytes).
    Removing stm32l1xx_ll_lcd.o(i.LL_LCD_DeInit), (44 bytes).
    Removing stm32l1xx_ll_lcd.o(i.LL_LCD_Init), (180 bytes).
    Removing stm32l1xx_ll_lcd.o(i.LL_LCD_MspDeInit), (2 bytes).
    Removing stm32l1xx_ll_lcd.o(i.LL_LCD_MspInit), (2 bytes).
    Removing stm32l1xx_ll_lcd.o(i.LL_LCD_UpdateDisplayRequest), (44 bytes).
    Removing stm32l1xx_ll_lcd.o(i.LL_LCD_Write), (48 bytes).
    Removing stm32l152_glass_lcd.o(.rev16_text), (4 bytes).
    Removing stm32l152_glass_lcd.o(.revsh_text), (4 bytes).
    Removing stm32l152_glass_lcd.o(.rrx_text), (6 bytes).
    Removing stm32l152_glass_lcd.o(i.Convert), (208 bytes).
    Removing stm32l152_glass_lcd.o(i.LCD_GLASS_BarLevelConfig), (200 bytes).
    Removing stm32l152_glass_lcd.o(i.LCD_GLASS_BlinkConfig), (40 bytes).
    Removing stm32l152_glass_lcd.o(i.LCD_GLASS_Clear), (8 bytes).
    Removing stm32l152_glass_lcd.o(i.LCD_GLASS_ClearBar), (108 bytes).
    Removing stm32l152_glass_lcd.o(i.LCD_GLASS_Contrast), (32 bytes).
    Removing stm32l152_glass_lcd.o(i.LCD_GLASS_DisplayBar), (108 bytes).
    Removing stm32l152_glass_lcd.o(i.LCD_GLASS_DisplayChar), (1480 bytes).
    Removing stm32l152_glass_lcd.o(i.LCD_GLASS_DisplayStrDeci), (112 bytes).
    Removing stm32l152_glass_lcd.o(i.LCD_GLASS_DisplayString), (58 bytes).
    Removing stm32l152_glass_lcd.o(i.LCD_GLASS_Init), (76 bytes).
    Removing stm32l152_glass_lcd.o(i.LCD_GLASS_ScrollSentence), (208 bytes).
    Removing stm32l152_glass_lcd.o(i.LCD_GLASS_WriteChar), (28 bytes).
    Removing stm32l152_glass_lcd.o(i.LCD_MspInit), (248 bytes).
    Removing stm32l152_glass_lcd.o(i.LL_AHB1_GRP1_EnableClock), (28 bytes).
    Removing stm32l152_glass_lcd.o(i.LL_APB1_GRP1_EnableClock), (28 bytes).
    Removing stm32l152_glass_lcd.o(i.LL_RCC_LSE_IsReady), (16 bytes).
    Removing stm32l152_glass_lcd.o(.bss), (64 bytes).
    Removing stm32l152_glass_lcd.o(.constdata), (72 bytes).
    Removing stm32l152_glass_lcd.o(.data), (2 bytes).
    Removing stm32l1xx_ll_pwr.o(.rev16_text), (4 bytes).
    Removing stm32l1xx_ll_pwr.o(.revsh_text), (4 bytes).
    Removing stm32l1xx_ll_pwr.o(.rrx_text), (6 bytes).
    Removing stm32l1xx_ll_pwr.o(i.LL_PWR_DeInit), (36 bytes).
    Removing stm32l1xx_ll_rcc.o(.rev16_text), (4 bytes).
    Removing stm32l1xx_ll_rcc.o(.revsh_text), (4 bytes).
    Removing stm32l1xx_ll_rcc.o(.rrx_text), (6 bytes).
    Removing stm32l1xx_ll_rcc.o(i.LL_RCC_DeInit), (192 bytes).
    Removing stm32l1xx_ll_rcc.o(i.LL_RCC_GetSystemClocksFreq), (36 bytes).
    Removing stm32l1xx_ll_rcc.o(i.RCC_GetHCLKClockFreq), (32 bytes).
    Removing stm32l1xx_ll_rcc.o(i.RCC_GetPCLK1ClockFreq), (36 bytes).
    Removing stm32l1xx_ll_rcc.o(i.RCC_GetPCLK2ClockFreq), (36 bytes).
    Removing stm32l1xx_ll_rcc.o(i.RCC_GetSystemClockFreq), (136 bytes).
    Removing stm32l1xx_ll_rcc.o(i.RCC_PLL_GetFreqDomain_SYS), (120 bytes).
    Removing stm32l1xx_ll_utils.o(.rev16_text), (4 bytes).
    Removing stm32l1xx_ll_utils.o(.revsh_text), (4 bytes).
    Removing stm32l1xx_ll_utils.o(.rrx_text), (6 bytes).
    Removing stm32l1xx_ll_utils.o(i.LL_PLL_ConfigSystemClock_HSE), (152 bytes).
    Removing stm32l1xx_ll_utils.o(i.LL_PLL_ConfigSystemClock_HSI), (104 bytes).
    Removing stm32l1xx_ll_utils.o(i.LL_RCC_HSE_IsReady), (16 bytes).
    Removing stm32l1xx_ll_utils.o(i.LL_RCC_HSI_IsReady), (16 bytes).
    Removing stm32l1xx_ll_utils.o(i.LL_RCC_PLL_ConfigDomain_SYS), (28 bytes).
    Removing stm32l1xx_ll_utils.o(i.LL_RCC_PLL_IsReady), (16 bytes).
    Removing stm32l1xx_ll_utils.o(i.UTILS_EnablePLLAndSwitchSystem), (212 bytes).
    Removing stm32l1xx_ll_utils.o(i.UTILS_GetPLLOutputFrequency), (60 bytes).
    Removing stm32l1xx_ll_utils.o(i.UTILS_PLL_IsBusy), (16 bytes).
    Removing stm32l1xx_ll_utils.o(i.UTILS_SetFlashLatency), (152 bytes).
    Removing stm32l1xx_ll_gpio.o(.rev16_text), (4 bytes).
    Removing stm32l1xx_ll_gpio.o(.revsh_text), (4 bytes).
    Removing stm32l1xx_ll_gpio.o(.rrx_text), (6 bytes).
    Removing stm32l1xx_ll_gpio.o(i.LL_AHB1_GRP1_ForceReset), (16 bytes).
    Removing stm32l1xx_ll_gpio.o(i.LL_AHB1_GRP1_ReleaseReset), (16 bytes).
    Removing stm32l1xx_ll_gpio.o(i.LL_GPIO_DeInit), (156 bytes).
    Removing stm32l1xx_ll_gpio.o(i.LL_GPIO_StructInit), (22 bytes).
    Removing stm32l1xx_ll_tim.o(.rev16_text), (4 bytes).
    Removing stm32l1xx_ll_tim.o(.revsh_text), (4 bytes).
    Removing stm32l1xx_ll_tim.o(.rrx_text), (6 bytes).
    Removing stm32l1xx_ll_tim.o(i.IC1Config), (52 bytes).
    Removing stm32l1xx_ll_tim.o(i.IC2Config), (56 bytes).
    Removing stm32l1xx_ll_tim.o(i.IC3Config), (58 bytes).
    Removing stm32l1xx_ll_tim.o(i.IC4Config), (58 bytes).
    Removing stm32l1xx_ll_tim.o(i.LL_APB1_GRP1_ForceReset), (16 bytes).
    Removing stm32l1xx_ll_tim.o(i.LL_APB1_GRP1_ReleaseReset), (16 bytes).
    Removing stm32l1xx_ll_tim.o(i.LL_APB2_GRP1_ForceReset), (16 bytes).
    Removing stm32l1xx_ll_tim.o(i.LL_APB2_GRP1_ReleaseReset), (16 bytes).
    Removing stm32l1xx_ll_tim.o(i.LL_TIM_DeInit), (200 bytes).
    Removing stm32l1xx_ll_tim.o(i.LL_TIM_ENCODER_Init), (104 bytes).
    Removing stm32l1xx_ll_tim.o(i.LL_TIM_ENCODER_StructInit), (36 bytes).
    Removing stm32l1xx_ll_tim.o(i.LL_TIM_IC_Init), (92 bytes).
    Removing stm32l1xx_ll_tim.o(i.LL_TIM_IC_StructInit), (18 bytes).
    Removing stm32l1xx_ll_tim.o(i.LL_TIM_OC_StructInit), (12 bytes).
    Removing stm32l1xx_ll_tim.o(i.LL_TIM_StructInit), (16 bytes).
    Removing stm32l1xx_ll_tim.o(.constdata), (28 bytes).
    Removing stm32l1xx_ll_exti.o(.rev16_text), (4 bytes).
    Removing stm32l1xx_ll_exti.o(.revsh_text), (4 bytes).
    Removing stm32l1xx_ll_exti.o(.rrx_text), (6 bytes).
    Removing stm32l1xx_ll_exti.o(i.LL_EXTI_DeInit), (40 bytes).
    Removing stm32l1xx_ll_exti.o(i.LL_EXTI_StructInit), (14 bytes).
    Removing dwt_delay.o(.rev16_text), (4 bytes).
    Removing dwt_delay.o(.revsh_text), (4 bytes).
    Removing dwt_delay.o(.rrx_text), (6 bytes).

104 unused section(s) (total 6409 bytes) removed from the image.

==============================================================================

Image Symbol Table

    Local Symbols

    Symbol Name                              Value     Ov Type        Size  Object(Section)

    ../clib/angel/boardlib.s                 0x00000000   Number         0  boardinit1.o ABSOLUTE
    ../clib/angel/boardlib.s                 0x00000000   Number         0  boardinit2.o ABSOLUTE
    ../clib/angel/boardlib.s                 0x00000000   Number         0  boardinit3.o ABSOLUTE
    ../clib/angel/boardlib.s                 0x00000000   Number         0  boardshut.o ABSOLUTE
    ../clib/angel/handlers.s                 0x00000000   Number         0  __scatter_zi.o ABSOLUTE
    ../clib/angel/handlers.s                 0x00000000   Number         0  __scatter_copy.o ABSOLUTE
    ../clib/angel/kernel.s                   0x00000000   Number         0  __rtentry2.o ABSOLUTE
    ../clib/angel/kernel.s                   0x00000000   Number         0  __rtentry4.o ABSOLUTE
    ../clib/angel/kernel.s                   0x00000000   Number         0  __rtentry.o ABSOLUTE
    ../clib/angel/kernel.s                   0x00000000   Number         0  rtexit.o ABSOLUTE
    ../clib/angel/kernel.s                   0x00000000   Number         0  rtexit2.o ABSOLUTE
    ../clib/angel/rt.s                       0x00000000   Number         0  rt_raise.o ABSOLUTE
    ../clib/angel/scatter.s                  0x00000000   Number         0  __scatter.o ABSOLUTE
    ../clib/angel/startup.s                  0x00000000   Number         0  __main.o ABSOLUTE
    ../clib/angel/sys.s                      0x00000000   Number         0  indicate_semi.o ABSOLUTE
    ../clib/angel/sys.s                      0x00000000   Number         0  sys_stackheap_outer.o ABSOLUTE
    ../clib/angel/sys.s                      0x00000000   Number         0  libspace.o ABSOLUTE
    ../clib/angel/sys.s                      0x00000000   Number         0  use_no_semi.o ABSOLUTE
    ../clib/angel/sysapp.c                   0x00000000   Number         0  sys_command.o ABSOLUTE
    ../clib/angel/sysapp.c                   0x00000000   Number         0  sys_wrch.o ABSOLUTE
    ../clib/angel/sysapp.c                   0x00000000   Number         0  sys_exit.o ABSOLUTE
    ../clib/armsys.c                         0x00000000   Number         0  no_argv.o ABSOLUTE
    ../clib/armsys.c                         0x00000000   Number         0  argv_veneer.o ABSOLUTE
    ../clib/armsys.c                         0x00000000   Number         0  _get_argv_nomalloc.o ABSOLUTE
    ../clib/armsys.c                         0x00000000   Number         0  argv_veneer.o ABSOLUTE
    ../clib/heapalloc.c                      0x00000000   Number         0  hrguard.o ABSOLUTE
    ../clib/heapaux.c                        0x00000000   Number         0  heapauxi.o ABSOLUTE
    ../clib/libinit.s                        0x00000000   Number         0  libshutdown.o ABSOLUTE
    ../clib/libinit.s                        0x00000000   Number         0  libinit.o ABSOLUTE
    ../clib/libinit.s                        0x00000000   Number         0  libinit2.o ABSOLUTE
    ../clib/libinit.s                        0x00000000   Number         0  libshutdown2.o ABSOLUTE
    ../clib/memcpset.s                       0x00000000   Number         0  rt_memclr_w.o ABSOLUTE
    ../clib/printf.c                         0x00000000   Number         0  __printf_nopercent.o ABSOLUTE
    ../clib/printf.c                         0x00000000   Number         0  _sputc.o ABSOLUTE
    ../clib/printf.c                         0x00000000   Number         0  _printf_char_common.o ABSOLUTE
    ../clib/printf.c                         0x00000000   Number         0  _printf_intcommon.o ABSOLUTE
    ../clib/printf.c                         0x00000000   Number         0  __2sprintf.o ABSOLUTE
    ../clib/printf.c                         0x00000000   Number         0  __printf.o ABSOLUTE
    ../clib/printf.c                         0x00000000   Number         0  _printf_dec.o ABSOLUTE
    ../clib/printf.c                         0x00000000   Number         0  __printf_flags.o ABSOLUTE
    ../clib/printf.c                         0x00000000   Number         0  __printf_ss.o ABSOLUTE
    ../clib/printf.c                         0x00000000   Number         0  __printf_wp.o ABSOLUTE
    ../clib/printf.c                         0x00000000   Number         0  __printf_flags_wp.o ABSOLUTE
    ../clib/printf.c                         0x00000000   Number         0  __printf_ss_wp.o ABSOLUTE
    ../clib/printf.c                         0x00000000   Number         0  __printf_flags_ss_wp.o ABSOLUTE
    ../clib/printf.c                         0x00000000   Number         0  noretval__2sprintf.o ABSOLUTE
    ../clib/printf.c                         0x00000000   Number         0  __printf_flags_ss.o ABSOLUTE
    ../clib/printf_percent.s                 0x00000000   Number         0  _printf_d.o ABSOLUTE
    ../clib/printf_percent.s                 0x00000000   Number         0  _printf_percent.o ABSOLUTE
    ../clib/printf_percent.s                 0x00000000   Number         0  _printf_percent_end.o ABSOLUTE
    ../clib/signal.c                         0x00000000   Number         0  defsig_cppl_inner.o ABSOLUTE
    ../clib/signal.c                         0x00000000   Number         0  defsig_pvfn_inner.o ABSOLUTE
    ../clib/signal.c                         0x00000000   Number         0  defsig_stak_inner.o ABSOLUTE
    ../clib/signal.c                         0x00000000   Number         0  defsig_rtred_inner.o ABSOLUTE
    ../clib/signal.c                         0x00000000   Number         0  defsig_fpe_inner.o ABSOLUTE
    ../clib/signal.c                         0x00000000   Number         0  defsig_abrt_inner.o ABSOLUTE
    ../clib/signal.c                         0x00000000   Number         0  defsig_general.o ABSOLUTE
    ../clib/signal.c                         0x00000000   Number         0  defsig_other.o ABSOLUTE
    ../clib/signal.c                         0x00000000   Number         0  defsig_rtmem_outer.o ABSOLUTE
    ../clib/signal.c                         0x00000000   Number         0  __raise.o ABSOLUTE
    ../clib/signal.c                         0x00000000   Number         0  defsig_rtmem_inner.o ABSOLUTE
    ../clib/signal.c                         0x00000000   Number         0  defsig_exit.o ABSOLUTE
    ../clib/signal.c                         0x00000000   Number         0  defsig_rtmem_formal.o ABSOLUTE
    ../clib/signal.c                         0x00000000   Number         0  defsig_segv_inner.o ABSOLUTE
    ../clib/signal.s                         0x00000000   Number         0  defsig.o ABSOLUTE
    ../clib/stdlib.c                         0x00000000   Number         0  exit.o ABSOLUTE
    ../fplib/d2f.s                           0x00000000   Number         0  d2f.o ABSOLUTE
    ../fplib/dcmpi.s                         0x00000000   Number         0  dcmpi.o ABSOLUTE
    ../fplib/ddiv.s                          0x00000000   Number         0  ddiv.o ABSOLUTE
    ../fplib/dflt.s                          0x00000000   Number         0  dflt_clz.o ABSOLUTE
    ../fplib/dleqf.s                         0x00000000   Number         0  dleqf.o ABSOLUTE
    ../fplib/dnaninf.s                       0x00000000   Number         0  dnaninf.o ABSOLUTE
    ../fplib/dretinf.s                       0x00000000   Number         0  dretinf.o ABSOLUTE
    ../fplib/drleqf.s                        0x00000000   Number         0  drleqf.o ABSOLUTE
    ../fplib/f2d.s                           0x00000000   Number         0  f2d.o ABSOLUTE
    ../fplib/ffix.s                          0x00000000   Number         0  ffix.o ABSOLUTE
    ../fplib/fmul.s                          0x00000000   Number         0  fmul.o ABSOLUTE
    ../fplib/fnaninf.s                       0x00000000   Number         0  fnaninf.o ABSOLUTE
    ../fplib/fpinit.s                        0x00000000   Number         0  fpinit.o ABSOLUTE
    ../fplib/fretinf.s                       0x00000000   Number         0  fretinf.o ABSOLUTE
    ../fplib/usenofp.s                       0x00000000   Number         0  usenofp.o ABSOLUTE
    ..\..\Drivers\CMSIS\Device\ST\STM32L1xx\Source\Templates\arm\startup_stm32l152xb.s 0x00000000   Number         0  startup_stm32l152xb.o ABSOLUTE
    ..\..\Drivers\CMSIS\Device\ST\STM32L1xx\Source\Templates\system_stm32l1xx.c 0x00000000   Number         0  system_stm32l1xx.o ABSOLUTE
    ..\..\Drivers\STM32L1xx_HAL_Driver\Src\dwt_delay.c 0x00000000   Number         0  dwt_delay.o ABSOLUTE
    ..\..\Drivers\STM32L1xx_HAL_Driver\Src\stm32l1xx_ll_exti.c 0x00000000   Number         0  stm32l1xx_ll_exti.o ABSOLUTE
    ..\..\Drivers\STM32L1xx_HAL_Driver\Src\stm32l1xx_ll_gpio.c 0x00000000   Number         0  stm32l1xx_ll_gpio.o ABSOLUTE
    ..\..\Drivers\STM32L1xx_HAL_Driver\Src\stm32l1xx_ll_pwr.c 0x00000000   Number         0  stm32l1xx_ll_pwr.o ABSOLUTE
    ..\..\Drivers\STM32L1xx_HAL_Driver\Src\stm32l1xx_ll_rcc.c 0x00000000   Number         0  stm32l1xx_ll_rcc.o ABSOLUTE
    ..\..\Drivers\STM32L1xx_HAL_Driver\Src\stm32l1xx_ll_tim.c 0x00000000   Number         0  stm32l1xx_ll_tim.o ABSOLUTE
    ..\..\Drivers\STM32L1xx_HAL_Driver\Src\stm32l1xx_ll_utils.c 0x00000000   Number         0  stm32l1xx_ll_utils.o ABSOLUTE
    ..\\..\\Drivers\\CMSIS\\Device\\ST\\STM32L1xx\\Source\\Templates\\system_stm32l1xx.c 0x00000000   Number         0  system_stm32l1xx.o ABSOLUTE
    ..\\..\\Drivers\\STM32L1xx_HAL_Driver\\Src\\dwt_delay.c 0x00000000   Number         0  dwt_delay.o ABSOLUTE
    ..\\..\\Drivers\\STM32L1xx_HAL_Driver\\Src\\stm32l1xx_ll_exti.c 0x00000000   Number         0  stm32l1xx_ll_exti.o ABSOLUTE
    ..\\..\\Drivers\\STM32L1xx_HAL_Driver\\Src\\stm32l1xx_ll_gpio.c 0x00000000   Number         0  stm32l1xx_ll_gpio.o ABSOLUTE
    ..\\..\\Drivers\\STM32L1xx_HAL_Driver\\Src\\stm32l1xx_ll_pwr.c 0x00000000   Number         0  stm32l1xx_ll_pwr.o ABSOLUTE
    ..\\..\\Drivers\\STM32L1xx_HAL_Driver\\Src\\stm32l1xx_ll_rcc.c 0x00000000   Number         0  stm32l1xx_ll_rcc.o ABSOLUTE
    ..\\..\\Drivers\\STM32L1xx_HAL_Driver\\Src\\stm32l1xx_ll_tim.c 0x00000000   Number         0  stm32l1xx_ll_tim.o ABSOLUTE
    ..\\..\\Drivers\\STM32L1xx_HAL_Driver\\Src\\stm32l1xx_ll_utils.c 0x00000000   Number         0  stm32l1xx_ll_utils.o ABSOLUTE
    ..\\src\\main.c                          0x00000000   Number         0  main.o ABSOLUTE
    ..\\src\\stm32l152_glass_lcd.c           0x00000000   Number         0  stm32l152_glass_lcd.o ABSOLUTE
    ..\\src\\stm32l1xx_ll_lcd.c              0x00000000   Number         0  stm32l1xx_ll_lcd.o ABSOLUTE
    ..\src\main.c                            0x00000000   Number         0  main.o ABSOLUTE
    ..\src\stm32l152_glass_lcd.c             0x00000000   Number         0  stm32l152_glass_lcd.o ABSOLUTE
    ..\src\stm32l1xx_ll_lcd.c                0x00000000   Number         0  stm32l1xx_ll_lcd.o ABSOLUTE
    dc.s                                     0x00000000   Number         0  dc.o ABSOLUTE
    RESET                                    0x08000000   Section      244  startup_stm32l152xb.o(RESET)
    !!!main                                  0x080000f4   Section        8  __main.o(!!!main)
    !!!scatter                               0x080000fc   Section       52  __scatter.o(!!!scatter)
    !!handler_copy                           0x08000130   Section       26  __scatter_copy.o(!!handler_copy)
    !!handler_zi                             0x0800014c   Section       28  __scatter_zi.o(!!handler_zi)
    .ARM.Collect$$_printf_percent$$00000000  0x08000168   Section        0  _printf_percent.o(.ARM.Collect$$_printf_percent$$00000000)
    .ARM.Collect$$_printf_percent$$00000009  0x08000168   Section        6  _printf_d.o(.ARM.Collect$$_printf_percent$$00000009)
    .ARM.Collect$$_printf_percent$$00000017  0x0800016e   Section        4  _printf_percent_end.o(.ARM.Collect$$_printf_percent$$00000017)
    .ARM.Collect$$libinit$$00000000          0x08000172   Section        2  libinit.o(.ARM.Collect$$libinit$$00000000)
    .ARM.Collect$$libinit$$00000002          0x08000174   Section        0  libinit2.o(.ARM.Collect$$libinit$$00000002)
    .ARM.Collect$$libinit$$00000004          0x08000174   Section        0  libinit2.o(.ARM.Collect$$libinit$$00000004)
    .ARM.Collect$$libinit$$0000000A          0x08000174   Section        0  libinit2.o(.ARM.Collect$$libinit$$0000000A)
    .ARM.Collect$$libinit$$0000000C          0x08000174   Section        0  libinit2.o(.ARM.Collect$$libinit$$0000000C)
    .ARM.Collect$$libinit$$0000000E          0x08000174   Section        0  libinit2.o(.ARM.Collect$$libinit$$0000000E)
    .ARM.Collect$$libinit$$00000011          0x08000174   Section        0  libinit2.o(.ARM.Collect$$libinit$$00000011)
    .ARM.Collect$$libinit$$00000013          0x08000174   Section        0  libinit2.o(.ARM.Collect$$libinit$$00000013)
    .ARM.Collect$$libinit$$00000015          0x08000174   Section        0  libinit2.o(.ARM.Collect$$libinit$$00000015)
    .ARM.Collect$$libinit$$00000017          0x08000174   Section        0  libinit2.o(.ARM.Collect$$libinit$$00000017)
    .ARM.Collect$$libinit$$00000019          0x08000174   Section        0  libinit2.o(.ARM.Collect$$libinit$$00000019)
    .ARM.Collect$$libinit$$0000001B          0x08000174   Section        0  libinit2.o(.ARM.Collect$$libinit$$0000001B)
    .ARM.Collect$$libinit$$0000001D          0x08000174   Section        0  libinit2.o(.ARM.Collect$$libinit$$0000001D)
    .ARM.Collect$$libinit$$0000001F          0x08000174   Section        0  libinit2.o(.ARM.Collect$$libinit$$0000001F)
    .ARM.Collect$$libinit$$00000021          0x08000174   Section        0  libinit2.o(.ARM.Collect$$libinit$$00000021)
    .ARM.Collect$$libinit$$00000023          0x08000174   Section        0  libinit2.o(.ARM.Collect$$libinit$$00000023)
    .ARM.Collect$$libinit$$00000025          0x08000174   Section        0  libinit2.o(.ARM.Collect$$libinit$$00000025)
    .ARM.Collect$$libinit$$0000002C          0x08000174   Section        0  libinit2.o(.ARM.Collect$$libinit$$0000002C)
    .ARM.Collect$$libinit$$0000002E          0x08000174   Section        0  libinit2.o(.ARM.Collect$$libinit$$0000002E)
    .ARM.Collect$$libinit$$00000030          0x08000174   Section        0  libinit2.o(.ARM.Collect$$libinit$$00000030)
    .ARM.Collect$$libinit$$00000032          0x08000174   Section        0  libinit2.o(.ARM.Collect$$libinit$$00000032)
    .ARM.Collect$$libinit$$00000033          0x08000174   Section        2  libinit2.o(.ARM.Collect$$libinit$$00000033)
    .ARM.Collect$$libshutdown$$00000000      0x08000176   Section        2  libshutdown.o(.ARM.Collect$$libshutdown$$00000000)
    .ARM.Collect$$libshutdown$$00000002      0x08000178   Section        0  libshutdown2.o(.ARM.Collect$$libshutdown$$00000002)
    .ARM.Collect$$libshutdown$$00000004      0x08000178   Section        0  libshutdown2.o(.ARM.Collect$$libshutdown$$00000004)
    .ARM.Collect$$libshutdown$$00000006      0x08000178   Section        0  libshutdown2.o(.ARM.Collect$$libshutdown$$00000006)
    .ARM.Collect$$libshutdown$$00000009      0x08000178   Section        0  libshutdown2.o(.ARM.Collect$$libshutdown$$00000009)
    .ARM.Collect$$libshutdown$$0000000C      0x08000178   Section        0  libshutdown2.o(.ARM.Collect$$libshutdown$$0000000C)
    .ARM.Collect$$libshutdown$$0000000E      0x08000178   Section        0  libshutdown2.o(.ARM.Collect$$libshutdown$$0000000E)
    .ARM.Collect$$libshutdown$$00000011      0x08000178   Section        0  libshutdown2.o(.ARM.Collect$$libshutdown$$00000011)
    .ARM.Collect$$libshutdown$$00000012      0x08000178   Section        2  libshutdown2.o(.ARM.Collect$$libshutdown$$00000012)
    .ARM.Collect$$rtentry$$00000000          0x0800017a   Section        0  __rtentry.o(.ARM.Collect$$rtentry$$00000000)
    .ARM.Collect$$rtentry$$00000002          0x0800017a   Section        0  __rtentry2.o(.ARM.Collect$$rtentry$$00000002)
    .ARM.Collect$$rtentry$$00000004          0x0800017a   Section        6  __rtentry4.o(.ARM.Collect$$rtentry$$00000004)
    .ARM.Collect$$rtentry$$00000009          0x08000180   Section        0  __rtentry2.o(.ARM.Collect$$rtentry$$00000009)
    .ARM.Collect$$rtentry$$0000000A          0x08000180   Section        4  __rtentry2.o(.ARM.Collect$$rtentry$$0000000A)
    .ARM.Collect$$rtentry$$0000000C          0x08000184   Section        0  __rtentry2.o(.ARM.Collect$$rtentry$$0000000C)
    .ARM.Collect$$rtentry$$0000000D          0x08000184   Section        8  __rtentry2.o(.ARM.Collect$$rtentry$$0000000D)
    .ARM.Collect$$rtexit$$00000000           0x0800018c   Section        2  rtexit.o(.ARM.Collect$$rtexit$$00000000)
    .ARM.Collect$$rtexit$$00000002           0x0800018e   Section        0  rtexit2.o(.ARM.Collect$$rtexit$$00000002)
    .ARM.Collect$$rtexit$$00000003           0x0800018e   Section        4  rtexit2.o(.ARM.Collect$$rtexit$$00000003)
    .ARM.Collect$$rtexit$$00000004           0x08000192   Section        6  rtexit2.o(.ARM.Collect$$rtexit$$00000004)
    .text                                    0x08000198   Section       64  startup_stm32l152xb.o(.text)
    .text                                    0x080001d8   Section        0  noretval__2sprintf.o(.text)
    .text                                    0x08000200   Section        0  __printf.o(.text)
    .text                                    0x08000268   Section        0  _printf_dec.o(.text)
    .text                                    0x080002e0   Section        0  heapauxi.o(.text)
    .text                                    0x080002e6   Section        0  _printf_intcommon.o(.text)
    .text                                    0x08000398   Section        0  _printf_char_common.o(.text)
    _printf_input_char                       0x08000399   Thumb Code    10  _printf_char_common.o(.text)
    .text                                    0x080003c8   Section        0  _sputc.o(.text)
    .text                                    0x080003d2   Section       74  sys_stackheap_outer.o(.text)
    .text                                    0x0800041c   Section        0  exit.o(.text)
    .text                                    0x08000430   Section        8  libspace.o(.text)
    .text                                    0x08000438   Section        0  sys_exit.o(.text)
    .text                                    0x08000444   Section        2  use_no_semi.o(.text)
    .text                                    0x08000446   Section        0  indicate_semi.o(.text)
    i.Config_Motor                           0x08000448   Section        0  main.o(i.Config_Motor)
    i.CountPeople                            0x08000474   Section        0  main.o(i.CountPeople)
    i.DS1820_GPIO_Configure                  0x0800067c   Section        0  main.o(i.DS1820_GPIO_Configure)
    i.DS1820_ResetPulse                      0x080006a8   Section        0  main.o(i.DS1820_ResetPulse)
    i.DWT_Delay                              0x080006fc   Section        0  dwt_delay.o(i.DWT_Delay)
    i.DWT_Init                               0x0800072c   Section        0  dwt_delay.o(i.DWT_Init)
    i.EXTI15_10_IRQHandler                   0x0800075c   Section        0  main.o(i.EXTI15_10_IRQHandler)
    i.EXTI9_5_IRQHandler                     0x080007a8   Section        0  main.o(i.EXTI9_5_IRQHandler)
    i.GPIO_Config                            0x08000810   Section        0  main.o(i.GPIO_Config)
    i.IR_GPIO_Config                         0x08000840   Section        0  main.o(i.IR_GPIO_Config)
    i.LED_Config                             0x0800086c   Section        0  main.o(i.LED_Config)
    i.LL_AHB1_GRP1_EnableClock               0x0800089c   Section        0  main.o(i.LL_AHB1_GRP1_EnableClock)
    LL_AHB1_GRP1_EnableClock                 0x0800089d   Thumb Code    24  main.o(i.LL_AHB1_GRP1_EnableClock)
    i.LL_APB1_GRP1_EnableClock               0x080008b8   Section        0  main.o(i.LL_APB1_GRP1_EnableClock)
    LL_APB1_GRP1_EnableClock                 0x080008b9   Thumb Code    24  main.o(i.LL_APB1_GRP1_EnableClock)
    i.LL_APB2_GRP1_EnableClock               0x080008d4   Section        0  main.o(i.LL_APB2_GRP1_EnableClock)
    LL_APB2_GRP1_EnableClock                 0x080008d5   Thumb Code    24  main.o(i.LL_APB2_GRP1_EnableClock)
    i.LL_EXTI_ClearFlag_0_31                 0x080008f0   Section        0  main.o(i.LL_EXTI_ClearFlag_0_31)
    LL_EXTI_ClearFlag_0_31                   0x080008f1   Thumb Code     6  main.o(i.LL_EXTI_ClearFlag_0_31)
    i.LL_EXTI_DisableEvent_0_31              0x080008fc   Section        0  stm32l1xx_ll_exti.o(i.LL_EXTI_DisableEvent_0_31)
    LL_EXTI_DisableEvent_0_31                0x080008fd   Thumb Code    12  stm32l1xx_ll_exti.o(i.LL_EXTI_DisableEvent_0_31)
    i.LL_EXTI_DisableIT_0_31                 0x0800090c   Section        0  stm32l1xx_ll_exti.o(i.LL_EXTI_DisableIT_0_31)
    LL_EXTI_DisableIT_0_31                   0x0800090d   Thumb Code    12  stm32l1xx_ll_exti.o(i.LL_EXTI_DisableIT_0_31)
    i.LL_EXTI_EnableEvent_0_31               0x0800091c   Section        0  stm32l1xx_ll_exti.o(i.LL_EXTI_EnableEvent_0_31)
    LL_EXTI_EnableEvent_0_31                 0x0800091d   Thumb Code    12  stm32l1xx_ll_exti.o(i.LL_EXTI_EnableEvent_0_31)
    i.LL_EXTI_EnableFallingTrig_0_31         0x0800092c   Section        0  stm32l1xx_ll_exti.o(i.LL_EXTI_EnableFallingTrig_0_31)
    LL_EXTI_EnableFallingTrig_0_31           0x0800092d   Thumb Code    12  stm32l1xx_ll_exti.o(i.LL_EXTI_EnableFallingTrig_0_31)
    i.LL_EXTI_EnableIT_0_31                  0x0800093c   Section        0  stm32l1xx_ll_exti.o(i.LL_EXTI_EnableIT_0_31)
    LL_EXTI_EnableIT_0_31                    0x0800093d   Thumb Code    12  stm32l1xx_ll_exti.o(i.LL_EXTI_EnableIT_0_31)
    i.LL_EXTI_EnableRisingTrig_0_31          0x0800094c   Section        0  stm32l1xx_ll_exti.o(i.LL_EXTI_EnableRisingTrig_0_31)
    LL_EXTI_EnableRisingTrig_0_31            0x0800094d   Thumb Code    12  stm32l1xx_ll_exti.o(i.LL_EXTI_EnableRisingTrig_0_31)
    i.LL_EXTI_Init                           0x0800095c   Section        0  stm32l1xx_ll_exti.o(i.LL_EXTI_Init)
    i.LL_EXTI_IsActiveFlag_0_31              0x08000a18   Section        0  main.o(i.LL_EXTI_IsActiveFlag_0_31)
    LL_EXTI_IsActiveFlag_0_31                0x08000a19   Thumb Code    20  main.o(i.LL_EXTI_IsActiveFlag_0_31)
    i.LL_GPIO_Init                           0x08000a30   Section        0  stm32l1xx_ll_gpio.o(i.LL_GPIO_Init)
    i.LL_GPIO_IsInputPinSet                  0x08000b74   Section        0  main.o(i.LL_GPIO_IsInputPinSet)
    LL_GPIO_IsInputPinSet                    0x08000b75   Thumb Code    18  main.o(i.LL_GPIO_IsInputPinSet)
    i.LL_GPIO_ResetOutputPin                 0x08000b86   Section        0  main.o(i.LL_GPIO_ResetOutputPin)
    LL_GPIO_ResetOutputPin                   0x08000b87   Thumb Code     6  main.o(i.LL_GPIO_ResetOutputPin)
    i.LL_GPIO_SetOutputPin                   0x08000b8c   Section        0  main.o(i.LL_GPIO_SetOutputPin)
    LL_GPIO_SetOutputPin                     0x08000b8d   Thumb Code     4  main.o(i.LL_GPIO_SetOutputPin)
    i.LL_GPIO_SetPinMode                     0x08000b90   Section        0  main.o(i.LL_GPIO_SetPinMode)
    LL_GPIO_SetPinMode                       0x08000b91   Thumb Code    40  main.o(i.LL_GPIO_SetPinMode)
    i.LL_GPIO_SetPinPull                     0x08000bb8   Section        0  main.o(i.LL_GPIO_SetPinPull)
    LL_GPIO_SetPinPull                       0x08000bb9   Thumb Code    40  main.o(i.LL_GPIO_SetPinPull)
    i.LL_Init1msTick                         0x08000be0   Section        0  stm32l1xx_ll_utils.o(i.LL_Init1msTick)
    i.LL_RCC_HSI_IsReady                     0x08000bfc   Section        0  main.o(i.LL_RCC_HSI_IsReady)
    LL_RCC_HSI_IsReady                       0x08000bfd   Thumb Code    10  main.o(i.LL_RCC_HSI_IsReady)
    i.LL_SYSCFG_SetEXTISource                0x08000c0c   Section        0  main.o(i.LL_SYSCFG_SetEXTISource)
    LL_SYSCFG_SetEXTISource                  0x08000c0d   Thumb Code    40  main.o(i.LL_SYSCFG_SetEXTISource)
    i.LL_SetSystemCoreClock                  0x08000c38   Section        0  stm32l1xx_ll_utils.o(i.LL_SetSystemCoreClock)
    i.LL_TIM_CC_EnableChannel                0x08000c44   Section        0  main.o(i.LL_TIM_CC_EnableChannel)
    LL_TIM_CC_EnableChannel                  0x08000c45   Thumb Code     8  main.o(i.LL_TIM_CC_EnableChannel)
    i.LL_TIM_ClearFlag_UPDATE                0x08000c4c   Section        0  main.o(i.LL_TIM_ClearFlag_UPDATE)
    LL_TIM_ClearFlag_UPDATE                  0x08000c4d   Thumb Code     8  main.o(i.LL_TIM_ClearFlag_UPDATE)
    i.LL_TIM_EnableCounter                   0x08000c54   Section        0  main.o(i.LL_TIM_EnableCounter)
    LL_TIM_EnableCounter                     0x08000c55   Thumb Code    10  main.o(i.LL_TIM_EnableCounter)
    i.LL_TIM_GetCounter                      0x08000c5e   Section        0  main.o(i.LL_TIM_GetCounter)
    LL_TIM_GetCounter                        0x08000c5f   Thumb Code     6  main.o(i.LL_TIM_GetCounter)
    i.LL_TIM_Init                            0x08000c64   Section        0  stm32l1xx_ll_tim.o(i.LL_TIM_Init)
    i.LL_TIM_OC_Init                         0x08000ce8   Section        0  stm32l1xx_ll_tim.o(i.LL_TIM_OC_Init)
    i.LL_TIM_SetCounter                      0x08000d44   Section        0  main.o(i.LL_TIM_SetCounter)
    LL_TIM_SetCounter                        0x08000d45   Thumb Code     4  main.o(i.LL_TIM_SetCounter)
    i.LL_mDelay                              0x08000d48   Section        0  stm32l1xx_ll_utils.o(i.LL_mDelay)
    i.NVIC_EnableIRQ                         0x08000d70   Section        0  main.o(i.NVIC_EnableIRQ)
    NVIC_EnableIRQ                           0x08000d71   Thumb Code    22  main.o(i.NVIC_EnableIRQ)
    i.NVIC_SetPriority                       0x08000d88   Section        0  main.o(i.NVIC_SetPriority)
    NVIC_SetPriority                         0x08000d89   Thumb Code    32  main.o(i.NVIC_SetPriority)
    i.OC1Config                              0x08000db0   Section        0  stm32l1xx_ll_tim.o(i.OC1Config)
    OC1Config                                0x08000db1   Thumb Code    74  stm32l1xx_ll_tim.o(i.OC1Config)
    i.OC2Config                              0x08000dfa   Section        0  stm32l1xx_ll_tim.o(i.OC2Config)
    OC2Config                                0x08000dfb   Thumb Code    74  stm32l1xx_ll_tim.o(i.OC2Config)
    i.OC3Config                              0x08000e44   Section        0  stm32l1xx_ll_tim.o(i.OC3Config)
    OC3Config                                0x08000e45   Thumb Code    74  stm32l1xx_ll_tim.o(i.OC3Config)
    i.OC4Config                              0x08000e8e   Section        0  stm32l1xx_ll_tim.o(i.OC4Config)
    OC4Config                                0x08000e8f   Thumb Code    74  stm32l1xx_ll_tim.o(i.OC4Config)
    i.OW_Master                              0x08000ed8   Section        0  main.o(i.OW_Master)
    i.OW_ReadBit                             0x08000ef4   Section        0  main.o(i.OW_ReadBit)
    i.OW_ReadByte                            0x08000f1c   Section        0  main.o(i.OW_ReadByte)
    i.OW_Slave                               0x08000f44   Section        0  main.o(i.OW_Slave)
    i.OW_WriteBit                            0x08000f60   Section        0  main.o(i.OW_WriteBit)
    i.OW_WriteByte                           0x08000f9c   Section        0  main.o(i.OW_WriteByte)
    i.PA11_EXTI_Config                       0x08000fb8   Section        0  main.o(i.PA11_EXTI_Config)
    i.PA8_EXTI_Config                        0x08000ffc   Section        0  main.o(i.PA8_EXTI_Config)
    i.SystemClock_Config                     0x08001040   Section        0  main.o(i.SystemClock_Config)
    i.SystemInit                             0x0800116c   Section        0  system_stm32l1xx.o(i.SystemInit)
    i.TIM4_IRQHandler                        0x080011d0   Section        0  main.o(i.TIM4_IRQHandler)
    i.TIMBase_Config                         0x080011f0   Section        0  main.o(i.TIMBase_Config)
    i.TIM_BASE_Config                        0x08001220   Section        0  main.o(i.TIM_BASE_Config)
    i.TIM_BASE_Config_buzzer                 0x08001254   Section        0  main.o(i.TIM_BASE_Config_buzzer)
    i.TIM_BASE_DurationConfig                0x08001284   Section        0  main.o(i.TIM_BASE_DurationConfig)
    i.TIM_OC_Config                          0x080012bc   Section        0  main.o(i.TIM_OC_Config)
    i.TIM_OC_Config_buzzer                   0x080012fc   Section        0  main.o(i.TIM_OC_Config_buzzer)
    i.TIM_OC_GPIO_Config                     0x0800135c   Section        0  main.o(i.TIM_OC_GPIO_Config)
    i.TIM_OC_GPIO_Config_buzzer              0x0800138c   Section        0  main.o(i.TIM_OC_GPIO_Config_buzzer)
    i.main                                   0x080013bc   Section        0  main.o(i.main)
    i.seg_config                             0x0800164c   Section        0  main.o(i.seg_config)
    x$fpl$d2f                                0x080016a8   Section       98  d2f.o(x$fpl$d2f)
    x$fpl$dcmpinf                            0x0800170a   Section       24  dcmpi.o(x$fpl$dcmpinf)
    x$fpl$ddiv                               0x08001724   Section      688  ddiv.o(x$fpl$ddiv)
    ddiv_entry                               0x0800172b   Thumb Code     0  ddiv.o(x$fpl$ddiv)
    x$fpl$dfltu                              0x080019d4   Section       38  dflt_clz.o(x$fpl$dfltu)
    x$fpl$dleqf                              0x080019fc   Section      120  dleqf.o(x$fpl$dleqf)
    x$fpl$dnaninf                            0x08001a74   Section      156  dnaninf.o(x$fpl$dnaninf)
    x$fpl$dretinf                            0x08001b10   Section       12  dretinf.o(x$fpl$dretinf)
    x$fpl$drleqf                             0x08001b1c   Section      108  drleqf.o(x$fpl$drleqf)
    x$fpl$f2d                                0x08001b88   Section       86  f2d.o(x$fpl$f2d)
    x$fpl$ffix                               0x08001be0   Section       54  ffix.o(x$fpl$ffix)
    x$fpl$fmul                               0x08001c18   Section      258  fmul.o(x$fpl$fmul)
    x$fpl$fnaninf                            0x08001d1a   Section      140  fnaninf.o(x$fpl$fnaninf)
    x$fpl$fretinf                            0x08001da6   Section       10  fretinf.o(x$fpl$fretinf)
    x$fpl$usenofp                            0x08001db0   Section        0  usenofp.o(x$fpl$usenofp)
    .data                                    0x20000000   Section        4  system_stm32l1xx.o(.data)
    .data                                    0x20000004   Section      184  main.o(.data)
    .bss                                     0x200000bc   Section       96  libspace.o(.bss)
    HEAP                                     0x20000120   Section      512  startup_stm32l152xb.o(HEAP)
    Heap_Mem                                 0x20000120   Data         512  startup_stm32l152xb.o(HEAP)
    STACK                                    0x20000320   Section     1024  startup_stm32l152xb.o(STACK)
    Stack_Mem                                0x20000320   Data        1024  startup_stm32l152xb.o(STACK)
    __initial_sp                             0x20000720   Data           0  startup_stm32l152xb.o(STACK)

    Global Symbols

    Symbol Name                              Value     Ov Type        Size  Object(Section)

    BuildAttributes$$THM_ISAv4$P$D$K$B$S$PE$A:L22UL41UL21$X:L11$S22US41US21$IEEE1$IW$USESV6$~STKCKD$USESV7$~SHL$OSPACE$ROPI$EBA8$UX$STANDARDLIB$REQ8$PRES8$EABIv2 0x00000000   Number         0  anon$$obj.o ABSOLUTE
    __ARM_use_no_argv                        0x00000000   Number         0  main.o ABSOLUTE
    __ARM_exceptions_init                     - Undefined Weak Reference
    __alloca_initialize                       - Undefined Weak Reference
    __arm_fini_                               - Undefined Weak Reference
    __arm_preinit_                            - Undefined Weak Reference
    __cpp_initialize__aeabi_                  - Undefined Weak Reference
    __cxa_finalize                            - Undefined Weak Reference
    __rt_locale                               - Undefined Weak Reference
    __sigvec_lookup                           - Undefined Weak Reference
    _atexit_init                              - Undefined Weak Reference
    _call_atexit_fns                          - Undefined Weak Reference
    _clock_init                               - Undefined Weak Reference
    _fp_trap_init                             - Undefined Weak Reference
    _fp_trap_shutdown                         - Undefined Weak Reference
    _get_lc_collate                           - Undefined Weak Reference
    _get_lc_ctype                             - Undefined Weak Reference
    _get_lc_monetary                          - Undefined Weak Reference
    _get_lc_numeric                           - Undefined Weak Reference
    _get_lc_time                              - Undefined Weak Reference
    _getenv_init                              - Undefined Weak Reference
    _handle_redirection                       - Undefined Weak Reference
    _init_alloc                               - Undefined Weak Reference
    _init_user_alloc                          - Undefined Weak Reference
    _initio                                   - Undefined Weak Reference
    _printf_post_padding                      - Undefined Weak Reference
    _printf_pre_padding                       - Undefined Weak Reference
    _printf_truncate_signed                   - Undefined Weak Reference
    _printf_truncate_unsigned                 - Undefined Weak Reference
    _rand_init                                - Undefined Weak Reference
    _signal_finish                            - Undefined Weak Reference
    _signal_init                              - Undefined Weak Reference
    _terminate_alloc                          - Undefined Weak Reference
    _terminate_user_alloc                     - Undefined Weak Reference
    _terminateio                              - Undefined Weak Reference
    __Vectors_Size                           0x000000f4   Number         0  startup_stm32l152xb.o ABSOLUTE
    __Vectors                                0x08000000   Data           4  startup_stm32l152xb.o(RESET)
    __Vectors_End                            0x080000f4   Data           0  startup_stm32l152xb.o(RESET)
    __main                                   0x080000f5   Thumb Code     8  __main.o(!!!main)
    __scatterload                            0x080000fd   Thumb Code     0  __scatter.o(!!!scatter)
    __scatterload_rt2                        0x080000fd   Thumb Code    44  __scatter.o(!!!scatter)
    __scatterload_rt2_thumb_only             0x080000fd   Thumb Code     0  __scatter.o(!!!scatter)
    __scatterload_null                       0x0800010b   Thumb Code     0  __scatter.o(!!!scatter)
    __scatterload_copy                       0x08000131   Thumb Code    26  __scatter_copy.o(!!handler_copy)
    __scatterload_zeroinit                   0x0800014d   Thumb Code    28  __scatter_zi.o(!!handler_zi)
    _printf_d                                0x08000169   Thumb Code     0  _printf_d.o(.ARM.Collect$$_printf_percent$$00000009)
    _printf_percent                          0x08000169   Thumb Code     0  _printf_percent.o(.ARM.Collect$$_printf_percent$$00000000)
    _printf_percent_end                      0x0800016f   Thumb Code     0  _printf_percent_end.o(.ARM.Collect$$_printf_percent$$00000017)
    __rt_lib_init                            0x08000173   Thumb Code     0  libinit.o(.ARM.Collect$$libinit$$00000000)
    __rt_lib_init_alloca_1                   0x08000175   Thumb Code     0  libinit2.o(.ARM.Collect$$libinit$$0000002E)
    __rt_lib_init_argv_1                     0x08000175   Thumb Code     0  libinit2.o(.ARM.Collect$$libinit$$0000002C)
    __rt_lib_init_atexit_1                   0x08000175   Thumb Code     0  libinit2.o(.ARM.Collect$$libinit$$0000001B)
    __rt_lib_init_clock_1                    0x08000175   Thumb Code     0  libinit2.o(.ARM.Collect$$libinit$$00000021)
    __rt_lib_init_cpp_1                      0x08000175   Thumb Code     0  libinit2.o(.ARM.Collect$$libinit$$00000032)
    __rt_lib_init_exceptions_1               0x08000175   Thumb Code     0  libinit2.o(.ARM.Collect$$libinit$$00000030)
    __rt_lib_init_fp_1                       0x08000175   Thumb Code     0  libinit2.o(.ARM.Collect$$libinit$$00000002)
    __rt_lib_init_fp_trap_1                  0x08000175   Thumb Code     0  libinit2.o(.ARM.Collect$$libinit$$0000001F)
    __rt_lib_init_getenv_1                   0x08000175   Thumb Code     0  libinit2.o(.ARM.Collect$$libinit$$00000023)
    __rt_lib_init_heap_1                     0x08000175   Thumb Code     0  libinit2.o(.ARM.Collect$$libinit$$0000000A)
    __rt_lib_init_lc_collate_1               0x08000175   Thumb Code     0  libinit2.o(.ARM.Collect$$libinit$$00000011)
    __rt_lib_init_lc_ctype_1                 0x08000175   Thumb Code     0  libinit2.o(.ARM.Collect$$libinit$$00000013)
    __rt_lib_init_lc_monetary_1              0x08000175   Thumb Code     0  libinit2.o(.ARM.Collect$$libinit$$00000015)
    __rt_lib_init_lc_numeric_1               0x08000175   Thumb Code     0  libinit2.o(.ARM.Collect$$libinit$$00000017)
    __rt_lib_init_lc_time_1                  0x08000175   Thumb Code     0  libinit2.o(.ARM.Collect$$libinit$$00000019)
    __rt_lib_init_preinit_1                  0x08000175   Thumb Code     0  libinit2.o(.ARM.Collect$$libinit$$00000004)
    __rt_lib_init_rand_1                     0x08000175   Thumb Code     0  libinit2.o(.ARM.Collect$$libinit$$0000000E)
    __rt_lib_init_return                     0x08000175   Thumb Code     0  libinit2.o(.ARM.Collect$$libinit$$00000033)
    __rt_lib_init_signal_1                   0x08000175   Thumb Code     0  libinit2.o(.ARM.Collect$$libinit$$0000001D)
    __rt_lib_init_stdio_1                    0x08000175   Thumb Code     0  libinit2.o(.ARM.Collect$$libinit$$00000025)
    __rt_lib_init_user_alloc_1               0x08000175   Thumb Code     0  libinit2.o(.ARM.Collect$$libinit$$0000000C)
    __rt_lib_shutdown                        0x08000177   Thumb Code     0  libshutdown.o(.ARM.Collect$$libshutdown$$00000000)
    __rt_lib_shutdown_cpp_1                  0x08000179   Thumb Code     0  libshutdown2.o(.ARM.Collect$$libshutdown$$00000004)
    __rt_lib_shutdown_fini_1                 0x08000179   Thumb Code     0  libshutdown2.o(.ARM.Collect$$libshutdown$$00000002)
    __rt_lib_shutdown_fp_trap_1              0x08000179   Thumb Code     0  libshutdown2.o(.ARM.Collect$$libshutdown$$00000009)
    __rt_lib_shutdown_heap_1                 0x08000179   Thumb Code     0  libshutdown2.o(.ARM.Collect$$libshutdown$$00000011)
    __rt_lib_shutdown_return                 0x08000179   Thumb Code     0  libshutdown2.o(.ARM.Collect$$libshutdown$$00000012)
    __rt_lib_shutdown_signal_1               0x08000179   Thumb Code     0  libshutdown2.o(.ARM.Collect$$libshutdown$$0000000C)
    __rt_lib_shutdown_stdio_1                0x08000179   Thumb Code     0  libshutdown2.o(.ARM.Collect$$libshutdown$$00000006)
    __rt_lib_shutdown_user_alloc_1           0x08000179   Thumb Code     0  libshutdown2.o(.ARM.Collect$$libshutdown$$0000000E)
    __rt_entry                               0x0800017b   Thumb Code     0  __rtentry.o(.ARM.Collect$$rtentry$$00000000)
    __rt_entry_presh_1                       0x0800017b   Thumb Code     0  __rtentry2.o(.ARM.Collect$$rtentry$$00000002)
    __rt_entry_sh                            0x0800017b   Thumb Code     0  __rtentry4.o(.ARM.Collect$$rtentry$$00000004)
    __rt_entry_li                            0x08000181   Thumb Code     0  __rtentry2.o(.ARM.Collect$$rtentry$$0000000A)
    __rt_entry_postsh_1                      0x08000181   Thumb Code     0  __rtentry2.o(.ARM.Collect$$rtentry$$00000009)
    __rt_entry_main                          0x08000185   Thumb Code     0  __rtentry2.o(.ARM.Collect$$rtentry$$0000000D)
    __rt_entry_postli_1                      0x08000185   Thumb Code     0  __rtentry2.o(.ARM.Collect$$rtentry$$0000000C)
    __rt_exit                                0x0800018d   Thumb Code     0  rtexit.o(.ARM.Collect$$rtexit$$00000000)
    __rt_exit_ls                             0x0800018f   Thumb Code     0  rtexit2.o(.ARM.Collect$$rtexit$$00000003)
    __rt_exit_prels_1                        0x0800018f   Thumb Code     0  rtexit2.o(.ARM.Collect$$rtexit$$00000002)
    __rt_exit_exit                           0x08000193   Thumb Code     0  rtexit2.o(.ARM.Collect$$rtexit$$00000004)
    Reset_Handler                            0x08000199   Thumb Code     8  startup_stm32l152xb.o(.text)
    NMI_Handler                              0x080001a1   Thumb Code     2  startup_stm32l152xb.o(.text)
    HardFault_Handler                        0x080001a3   Thumb Code     2  startup_stm32l152xb.o(.text)
    MemManage_Handler                        0x080001a5   Thumb Code     2  startup_stm32l152xb.o(.text)
    BusFault_Handler                         0x080001a7   Thumb Code     2  startup_stm32l152xb.o(.text)
    UsageFault_Handler                       0x080001a9   Thumb Code     2  startup_stm32l152xb.o(.text)
    SVC_Handler                              0x080001ab   Thumb Code     2  startup_stm32l152xb.o(.text)
    DebugMon_Handler                         0x080001ad   Thumb Code     2  startup_stm32l152xb.o(.text)
    PendSV_Handler                           0x080001af   Thumb Code     2  startup_stm32l152xb.o(.text)
    SysTick_Handler                          0x080001b1   Thumb Code     2  startup_stm32l152xb.o(.text)
    ADC1_IRQHandler                          0x080001b3   Thumb Code     0  startup_stm32l152xb.o(.text)
    COMP_IRQHandler                          0x080001b3   Thumb Code     0  startup_stm32l152xb.o(.text)
    DAC_IRQHandler                           0x080001b3   Thumb Code     0  startup_stm32l152xb.o(.text)
    DMA1_Channel1_IRQHandler                 0x080001b3   Thumb Code     0  startup_stm32l152xb.o(.text)
    DMA1_Channel2_IRQHandler                 0x080001b3   Thumb Code     0  startup_stm32l152xb.o(.text)
    DMA1_Channel3_IRQHandler                 0x080001b3   Thumb Code     0  startup_stm32l152xb.o(.text)
    DMA1_Channel4_IRQHandler                 0x080001b3   Thumb Code     0  startup_stm32l152xb.o(.text)
    DMA1_Channel5_IRQHandler                 0x080001b3   Thumb Code     0  startup_stm32l152xb.o(.text)
    DMA1_Channel6_IRQHandler                 0x080001b3   Thumb Code     0  startup_stm32l152xb.o(.text)
    DMA1_Channel7_IRQHandler                 0x080001b3   Thumb Code     0  startup_stm32l152xb.o(.text)
    EXTI0_IRQHandler                         0x080001b3   Thumb Code     0  startup_stm32l152xb.o(.text)
    EXTI1_IRQHandler                         0x080001b3   Thumb Code     0  startup_stm32l152xb.o(.text)
    EXTI2_IRQHandler                         0x080001b3   Thumb Code     0  startup_stm32l152xb.o(.text)
    EXTI3_IRQHandler                         0x080001b3   Thumb Code     0  startup_stm32l152xb.o(.text)
    EXTI4_IRQHandler                         0x080001b3   Thumb Code     0  startup_stm32l152xb.o(.text)
    FLASH_IRQHandler                         0x080001b3   Thumb Code     0  startup_stm32l152xb.o(.text)
    I2C1_ER_IRQHandler                       0x080001b3   Thumb Code     0  startup_stm32l152xb.o(.text)
    I2C1_EV_IRQHandler                       0x080001b3   Thumb Code     0  startup_stm32l152xb.o(.text)
    I2C2_ER_IRQHandler                       0x080001b3   Thumb Code     0  startup_stm32l152xb.o(.text)
    I2C2_EV_IRQHandler                       0x080001b3   Thumb Code     0  startup_stm32l152xb.o(.text)
    LCD_IRQHandler                           0x080001b3   Thumb Code     0  startup_stm32l152xb.o(.text)
    PVD_IRQHandler                           0x080001b3   Thumb Code     0  startup_stm32l152xb.o(.text)
    RCC_IRQHandler                           0x080001b3   Thumb Code     0  startup_stm32l152xb.o(.text)
    RTC_Alarm_IRQHandler                     0x080001b3   Thumb Code     0  startup_stm32l152xb.o(.text)
    RTC_WKUP_IRQHandler                      0x080001b3   Thumb Code     0  startup_stm32l152xb.o(.text)
    SPI1_IRQHandler                          0x080001b3   Thumb Code     0  startup_stm32l152xb.o(.text)
    SPI2_IRQHandler                          0x080001b3   Thumb Code     0  startup_stm32l152xb.o(.text)
    TAMPER_STAMP_IRQHandler                  0x080001b3   Thumb Code     0  startup_stm32l152xb.o(.text)
    TIM10_IRQHandler                         0x080001b3   Thumb Code     0  startup_stm32l152xb.o(.text)
    TIM11_IRQHandler                         0x080001b3   Thumb Code     0  startup_stm32l152xb.o(.text)
    TIM2_IRQHandler                          0x080001b3   Thumb Code     0  startup_stm32l152xb.o(.text)
    TIM3_IRQHandler                          0x080001b3   Thumb Code     0  startup_stm32l152xb.o(.text)
    TIM6_IRQHandler                          0x080001b3   Thumb Code     0  startup_stm32l152xb.o(.text)
    TIM7_IRQHandler                          0x080001b3   Thumb Code     0  startup_stm32l152xb.o(.text)
    TIM9_IRQHandler                          0x080001b3   Thumb Code     0  startup_stm32l152xb.o(.text)
    USART1_IRQHandler                        0x080001b3   Thumb Code     0  startup_stm32l152xb.o(.text)
    USART2_IRQHandler                        0x080001b3   Thumb Code     0  startup_stm32l152xb.o(.text)
    USART3_IRQHandler                        0x080001b3   Thumb Code     0  startup_stm32l152xb.o(.text)
    USB_FS_WKUP_IRQHandler                   0x080001b3   Thumb Code     0  startup_stm32l152xb.o(.text)
    USB_HP_IRQHandler                        0x080001b3   Thumb Code     0  startup_stm32l152xb.o(.text)
    USB_LP_IRQHandler                        0x080001b3   Thumb Code     0  startup_stm32l152xb.o(.text)
    WWDG_IRQHandler                          0x080001b3   Thumb Code     0  startup_stm32l152xb.o(.text)
    __user_initial_stackheap                 0x080001b5   Thumb Code     0  startup_stm32l152xb.o(.text)
    __2sprintf                               0x080001d9   Thumb Code    34  noretval__2sprintf.o(.text)
    __printf                                 0x08000201   Thumb Code   104  __printf.o(.text)
    _printf_int_dec                          0x08000269   Thumb Code   104  _printf_dec.o(.text)
    __use_two_region_memory                  0x080002e1   Thumb Code     2  heapauxi.o(.text)
    __rt_heap_escrow$2region                 0x080002e3   Thumb Code     2  heapauxi.o(.text)
    __rt_heap_expand$2region                 0x080002e5   Thumb Code     2  heapauxi.o(.text)
    _printf_int_common                       0x080002e7   Thumb Code   178  _printf_intcommon.o(.text)
    _printf_char_common                      0x080003a3   Thumb Code    32  _printf_char_common.o(.text)
    _sputc                                   0x080003c9   Thumb Code    10  _sputc.o(.text)
    __user_setup_stackheap                   0x080003d3   Thumb Code    74  sys_stackheap_outer.o(.text)
    exit                                     0x0800041d   Thumb Code    18  exit.o(.text)
    __user_libspace                          0x08000431   Thumb Code     8  libspace.o(.text)
    __user_perproc_libspace                  0x08000431   Thumb Code     0  libspace.o(.text)
    __user_perthread_libspace                0x08000431   Thumb Code     0  libspace.o(.text)
    _sys_exit                                0x08000439   Thumb Code     8  sys_exit.o(.text)
    __I$use$semihosting                      0x08000445   Thumb Code     0  use_no_semi.o(.text)
    __use_no_semihosting_swi                 0x08000445   Thumb Code     2  use_no_semi.o(.text)
    __semihosting_library_function           0x08000447   Thumb Code     0  indicate_semi.o(.text)
    Config_Motor                             0x08000449   Thumb Code    40  main.o(i.Config_Motor)
    CountPeople                              0x08000475   Thumb Code   486  main.o(i.CountPeople)
    DS1820_GPIO_Configure                    0x0800067d   Thumb Code    38  main.o(i.DS1820_GPIO_Configure)
    DS1820_ResetPulse                        0x080006a9   Thumb Code    78  main.o(i.DS1820_ResetPulse)
    DWT_Delay                                0x080006fd   Thumb Code    34  dwt_delay.o(i.DWT_Delay)
    DWT_Init                                 0x0800072d   Thumb Code    40  dwt_delay.o(i.DWT_Init)
    EXTI15_10_IRQHandler                     0x0800075d   Thumb Code    68  main.o(i.EXTI15_10_IRQHandler)
    EXTI9_5_IRQHandler                       0x080007a9   Thumb Code    96  main.o(i.EXTI9_5_IRQHandler)
    GPIO_Config                              0x08000811   Thumb Code    42  main.o(i.GPIO_Config)
    IR_GPIO_Config                           0x08000841   Thumb Code    38  main.o(i.IR_GPIO_Config)
    LED_Config                               0x0800086d   Thumb Code    42  main.o(i.LED_Config)
    LL_EXTI_Init                             0x0800095d   Thumb Code   184  stm32l1xx_ll_exti.o(i.LL_EXTI_Init)
    LL_GPIO_Init                             0x08000a31   Thumb Code   324  stm32l1xx_ll_gpio.o(i.LL_GPIO_Init)
    LL_Init1msTick                           0x08000be1   Thumb Code    28  stm32l1xx_ll_utils.o(i.LL_Init1msTick)
    LL_SetSystemCoreClock                    0x08000c39   Thumb Code     6  stm32l1xx_ll_utils.o(i.LL_SetSystemCoreClock)
    LL_TIM_Init                              0x08000c65   Thumb Code   112  stm32l1xx_ll_tim.o(i.LL_TIM_Init)
    LL_TIM_OC_Init                           0x08000ce9   Thumb Code    92  stm32l1xx_ll_tim.o(i.LL_TIM_OC_Init)
    LL_mDelay                                0x08000d49   Thumb Code    40  stm32l1xx_ll_utils.o(i.LL_mDelay)
    OW_Master                                0x08000ed9   Thumb Code    24  main.o(i.OW_Master)
    OW_ReadBit                               0x08000ef5   Thumb Code    36  main.o(i.OW_ReadBit)
    OW_ReadByte                              0x08000f1d   Thumb Code    40  main.o(i.OW_ReadByte)
    OW_Slave                                 0x08000f45   Thumb Code    24  main.o(i.OW_Slave)
    OW_WriteBit                              0x08000f61   Thumb Code    54  main.o(i.OW_WriteBit)
    OW_WriteByte                             0x08000f9d   Thumb Code    26  main.o(i.OW_WriteByte)
    PA11_EXTI_Config                         0x08000fb9   Thumb Code    62  main.o(i.PA11_EXTI_Config)
    PA8_EXTI_Config                          0x08000ffd   Thumb Code    62  main.o(i.PA8_EXTI_Config)
    SystemClock_Config                       0x08001041   Thumb Code   282  main.o(i.SystemClock_Config)
    SystemInit                               0x0800116d   Thumb Code    82  system_stm32l1xx.o(i.SystemInit)
    TIM4_IRQHandler                          0x080011d1   Thumb Code    28  main.o(i.TIM4_IRQHandler)
    TIMBase_Config                           0x080011f1   Thumb Code    48  main.o(i.TIMBase_Config)
    TIM_BASE_Config                          0x08001221   Thumb Code    46  main.o(i.TIM_BASE_Config)
    TIM_BASE_Config_buzzer                   0x08001255   Thumb Code    42  main.o(i.TIM_BASE_Config_buzzer)
    TIM_BASE_DurationConfig                  0x08001285   Thumb Code    56  main.o(i.TIM_BASE_DurationConfig)
    TIM_OC_Config                            0x080012bd   Thumb Code    54  main.o(i.TIM_OC_Config)
    TIM_OC_Config_buzzer                     0x080012fd   Thumb Code    92  main.o(i.TIM_OC_Config_buzzer)
    TIM_OC_GPIO_Config                       0x0800135d   Thumb Code    44  main.o(i.TIM_OC_GPIO_Config)
    TIM_OC_GPIO_Config_buzzer                0x0800138d   Thumb Code    44  main.o(i.TIM_OC_GPIO_Config_buzzer)
    main                                     0x080013bd   Thumb Code   572  main.o(i.main)
    seg_config                               0x0800164d   Thumb Code    80  main.o(i.seg_config)
    __aeabi_d2f                              0x080016a9   Thumb Code     0  d2f.o(x$fpl$d2f)
    _d2f                                     0x080016a9   Thumb Code    98  d2f.o(x$fpl$d2f)
    __fpl_dcmp_Inf                           0x0800170b   Thumb Code    24  dcmpi.o(x$fpl$dcmpinf)
    __aeabi_ddiv                             0x08001725   Thumb Code     0  ddiv.o(x$fpl$ddiv)
    _ddiv                                    0x08001725   Thumb Code   552  ddiv.o(x$fpl$ddiv)
    __aeabi_ui2d                             0x080019d5   Thumb Code     0  dflt_clz.o(x$fpl$dfltu)
    _dfltu                                   0x080019d5   Thumb Code    38  dflt_clz.o(x$fpl$dfltu)
    __aeabi_cdcmple                          0x080019fd   Thumb Code     0  dleqf.o(x$fpl$dleqf)
    _dcmple                                  0x080019fd   Thumb Code   120  dleqf.o(x$fpl$dleqf)
    __fpl_dcmple_InfNaN                      0x08001a5f   Thumb Code     0  dleqf.o(x$fpl$dleqf)
    __fpl_dnaninf                            0x08001a75   Thumb Code   156  dnaninf.o(x$fpl$dnaninf)
    __fpl_dretinf                            0x08001b11   Thumb Code    12  dretinf.o(x$fpl$dretinf)
    __aeabi_cdrcmple                         0x08001b1d   Thumb Code     0  drleqf.o(x$fpl$drleqf)
    _drcmple                                 0x08001b1d   Thumb Code   108  drleqf.o(x$fpl$drleqf)
    __aeabi_f2d                              0x08001b89   Thumb Code     0  f2d.o(x$fpl$f2d)
    _f2d                                     0x08001b89   Thumb Code    86  f2d.o(x$fpl$f2d)
    __aeabi_f2iz                             0x08001be1   Thumb Code     0  ffix.o(x$fpl$ffix)
    _ffix                                    0x08001be1   Thumb Code    54  ffix.o(x$fpl$ffix)
    __aeabi_fmul                             0x08001c19   Thumb Code     0  fmul.o(x$fpl$fmul)
    _fmul                                    0x08001c19   Thumb Code   258  fmul.o(x$fpl$fmul)
    __fpl_fnaninf                            0x08001d1b   Thumb Code   140  fnaninf.o(x$fpl$fnaninf)
    __fpl_fretinf                            0x08001da7   Thumb Code    10  fretinf.o(x$fpl$fretinf)
    Region$$Table$$Base                      0x08001db0   Number         0  anon$$obj.o(Region$$Table)
    __I$use$fp                               0x08001db0   Number         0  usenofp.o(x$fpl$usenofp)
    Region$$Table$$Limit                     0x08001dd0   Number         0  anon$$obj.o(Region$$Table)
    SystemCoreClock                          0x20000000   Data           4  system_stm32l1xx.o(.data)
    Note                                     0x20000004   Data          72  main.o(.data)
    i                                        0x2000004c   Data           4  main.o(.data)
    r                                        0x20000050   Data           4  main.o(.data)
    LSB                                      0x20000054   Data           1  main.o(.data)
    MSB                                      0x20000055   Data           1  main.o(.data)
    temp_data                                0x20000056   Data           2  main.o(.data)
    temp                                     0x20000058   Data           4  main.o(.data)
    disp_str                                 0x2000005c   Data           4  main.o(.data)
    seg                                      0x20000060   Data          20  main.o(.data)
    digit                                    0x20000074   Data          16  main.o(.data)
    IRout                                    0x20000084   Data           4  main.o(.data)
    IRin                                     0x20000088   Data           4  main.o(.data)
    IRout_tim                                0x2000008c   Data           4  main.o(.data)
    IRin_tim                                 0x20000090   Data           4  main.o(.data)
    count_people                             0x20000094   Data           4  main.o(.data)
    cnt_tim                                  0x20000098   Data           4  main.o(.data)
    jump1                                    0x2000009c   Data           4  main.o(.data)
    jump2                                    0x200000a0   Data           4  main.o(.data)
    jump3                                    0x200000a4   Data           4  main.o(.data)
    jump4                                    0x200000a8   Data           4  main.o(.data)
    cnt                                      0x200000ac   Data           4  main.o(.data)
    sw_count                                 0x200000b0   Data           4  main.o(.data)
    f_count                                  0x200000b4   Data           4  main.o(.data)
    p                                        0x200000b8   Data           4  main.o(.data)
    __libspace_start                         0x200000bc   Data          96  libspace.o(.bss)
    __temporary_stack_top$libspace           0x2000011c   Data           0  libspace.o(.bss)



==============================================================================

Memory Map of the image

  Image Entry point : 0x08000199

  Load Region LR_1 (Base: 0x08000000, Size: 0x00001e8c, Max: 0xffffffff, ABSOLUTE)

    Execution Region ER_RO (Exec base: 0x08000000, Load base: 0x08000000, Size: 0x00001dd0, Max: 0xffffffff, ABSOLUTE)

    Exec Addr    Load Addr    Size         Type   Attr      Idx    E Section Name        Object

    0x08000000   0x08000000   0x000000f4   Data   RO           65    RESET               startup_stm32l152xb.o
    0x080000f4   0x080000f4   0x00000008   Code   RO         1134  * !!!main             c_w.l(__main.o)
    0x080000fc   0x080000fc   0x00000034   Code   RO         1337    !!!scatter          c_w.l(__scatter.o)
    0x08000130   0x08000130   0x0000001a   Code   RO         1339    !!handler_copy      c_w.l(__scatter_copy.o)
    0x0800014a   0x0800014a   0x00000002   PAD
    0x0800014c   0x0800014c   0x0000001c   Code   RO         1341    !!handler_zi        c_w.l(__scatter_zi.o)
    0x08000168   0x08000168   0x00000000   Code   RO         1129    .ARM.Collect$$_printf_percent$$00000000  c_w.l(_printf_percent.o)
    0x08000168   0x08000168   0x00000006   Code   RO         1128    .ARM.Collect$$_printf_percent$$00000009  c_w.l(_printf_d.o)
    0x0800016e   0x0800016e   0x00000004   Code   RO         1165    .ARM.Collect$$_printf_percent$$00000017  c_w.l(_printf_percent_end.o)
    0x08000172   0x08000172   0x00000002   Code   RO         1205    .ARM.Collect$$libinit$$00000000  c_w.l(libinit.o)
    0x08000174   0x08000174   0x00000000   Code   RO         1212    .ARM.Collect$$libinit$$00000002  c_w.l(libinit2.o)
    0x08000174   0x08000174   0x00000000   Code   RO         1214    .ARM.Collect$$libinit$$00000004  c_w.l(libinit2.o)
    0x08000174   0x08000174   0x00000000   Code   RO         1217    .ARM.Collect$$libinit$$0000000A  c_w.l(libinit2.o)
    0x08000174   0x08000174   0x00000000   Code   RO         1219    .ARM.Collect$$libinit$$0000000C  c_w.l(libinit2.o)
    0x08000174   0x08000174   0x00000000   Code   RO         1221    .ARM.Collect$$libinit$$0000000E  c_w.l(libinit2.o)
    0x08000174   0x08000174   0x00000000   Code   RO         1224    .ARM.Collect$$libinit$$00000011  c_w.l(libinit2.o)
    0x08000174   0x08000174   0x00000000   Code   RO         1226    .ARM.Collect$$libinit$$00000013  c_w.l(libinit2.o)
    0x08000174   0x08000174   0x00000000   Code   RO         1228    .ARM.Collect$$libinit$$00000015  c_w.l(libinit2.o)
    0x08000174   0x08000174   0x00000000   Code   RO         1230    .ARM.Collect$$libinit$$00000017  c_w.l(libinit2.o)
    0x08000174   0x08000174   0x00000000   Code   RO         1232    .ARM.Collect$$libinit$$00000019  c_w.l(libinit2.o)
    0x08000174   0x08000174   0x00000000   Code   RO         1234    .ARM.Collect$$libinit$$0000001B  c_w.l(libinit2.o)
    0x08000174   0x08000174   0x00000000   Code   RO         1236    .ARM.Collect$$libinit$$0000001D  c_w.l(libinit2.o)
    0x08000174   0x08000174   0x00000000   Code   RO         1238    .ARM.Collect$$libinit$$0000001F  c_w.l(libinit2.o)
    0x08000174   0x08000174   0x00000000   Code   RO         1240    .ARM.Collect$$libinit$$00000021  c_w.l(libinit2.o)
    0x08000174   0x08000174   0x00000000   Code   RO         1242    .ARM.Collect$$libinit$$00000023  c_w.l(libinit2.o)
    0x08000174   0x08000174   0x00000000   Code   RO         1244    .ARM.Collect$$libinit$$00000025  c_w.l(libinit2.o)
    0x08000174   0x08000174   0x00000000   Code   RO         1248    .ARM.Collect$$libinit$$0000002C  c_w.l(libinit2.o)
    0x08000174   0x08000174   0x00000000   Code   RO         1250    .ARM.Collect$$libinit$$0000002E  c_w.l(libinit2.o)
    0x08000174   0x08000174   0x00000000   Code   RO         1252    .ARM.Collect$$libinit$$00000030  c_w.l(libinit2.o)
    0x08000174   0x08000174   0x00000000   Code   RO         1254    .ARM.Collect$$libinit$$00000032  c_w.l(libinit2.o)
    0x08000174   0x08000174   0x00000002   Code   RO         1255    .ARM.Collect$$libinit$$00000033  c_w.l(libinit2.o)
    0x08000176   0x08000176   0x00000002   Code   RO         1275    .ARM.Collect$$libshutdown$$00000000  c_w.l(libshutdown.o)
    0x08000178   0x08000178   0x00000000   Code   RO         1288    .ARM.Collect$$libshutdown$$00000002  c_w.l(libshutdown2.o)
    0x08000178   0x08000178   0x00000000   Code   RO         1290    .ARM.Collect$$libshutdown$$00000004  c_w.l(libshutdown2.o)
    0x08000178   0x08000178   0x00000000   Code   RO         1292    .ARM.Collect$$libshutdown$$00000006  c_w.l(libshutdown2.o)
    0x08000178   0x08000178   0x00000000   Code   RO         1295    .ARM.Collect$$libshutdown$$00000009  c_w.l(libshutdown2.o)
    0x08000178   0x08000178   0x00000000   Code   RO         1298    .ARM.Collect$$libshutdown$$0000000C  c_w.l(libshutdown2.o)
    0x08000178   0x08000178   0x00000000   Code   RO         1300    .ARM.Collect$$libshutdown$$0000000E  c_w.l(libshutdown2.o)
    0x08000178   0x08000178   0x00000000   Code   RO         1303    .ARM.Collect$$libshutdown$$00000011  c_w.l(libshutdown2.o)
    0x08000178   0x08000178   0x00000002   Code   RO         1304    .ARM.Collect$$libshutdown$$00000012  c_w.l(libshutdown2.o)
    0x0800017a   0x0800017a   0x00000000   Code   RO         1158    .ARM.Collect$$rtentry$$00000000  c_w.l(__rtentry.o)
    0x0800017a   0x0800017a   0x00000000   Code   RO         1178    .ARM.Collect$$rtentry$$00000002  c_w.l(__rtentry2.o)
    0x0800017a   0x0800017a   0x00000006   Code   RO         1190    .ARM.Collect$$rtentry$$00000004  c_w.l(__rtentry4.o)
    0x08000180   0x08000180   0x00000000   Code   RO         1180    .ARM.Collect$$rtentry$$00000009  c_w.l(__rtentry2.o)
    0x08000180   0x08000180   0x00000004   Code   RO         1181    .ARM.Collect$$rtentry$$0000000A  c_w.l(__rtentry2.o)
    0x08000184   0x08000184   0x00000000   Code   RO         1183    .ARM.Collect$$rtentry$$0000000C  c_w.l(__rtentry2.o)
    0x08000184   0x08000184   0x00000008   Code   RO         1184    .ARM.Collect$$rtentry$$0000000D  c_w.l(__rtentry2.o)
    0x0800018c   0x0800018c   0x00000002   Code   RO         1209    .ARM.Collect$$rtexit$$00000000  c_w.l(rtexit.o)
    0x0800018e   0x0800018e   0x00000000   Code   RO         1257    .ARM.Collect$$rtexit$$00000002  c_w.l(rtexit2.o)
    0x0800018e   0x0800018e   0x00000004   Code   RO         1258    .ARM.Collect$$rtexit$$00000003  c_w.l(rtexit2.o)
    0x08000192   0x08000192   0x00000006   Code   RO         1259    .ARM.Collect$$rtexit$$00000004  c_w.l(rtexit2.o)
    0x08000198   0x08000198   0x00000040   Code   RO           66  * .text               startup_stm32l152xb.o
    0x080001d8   0x080001d8   0x00000028   Code   RO         1102    .text               c_w.l(noretval__2sprintf.o)
    0x08000200   0x08000200   0x00000068   Code   RO         1104    .text               c_w.l(__printf.o)
    0x08000268   0x08000268   0x00000078   Code   RO         1106    .text               c_w.l(_printf_dec.o)
    0x080002e0   0x080002e0   0x00000006   Code   RO         1132    .text               c_w.l(heapauxi.o)
    0x080002e6   0x080002e6   0x000000b2   Code   RO         1159    .text               c_w.l(_printf_intcommon.o)
    0x08000398   0x08000398   0x00000030   Code   RO         1161    .text               c_w.l(_printf_char_common.o)
    0x080003c8   0x080003c8   0x0000000a   Code   RO         1163    .text               c_w.l(_sputc.o)
    0x080003d2   0x080003d2   0x0000004a   Code   RO         1196    .text               c_w.l(sys_stackheap_outer.o)
    0x0800041c   0x0800041c   0x00000012   Code   RO         1198    .text               c_w.l(exit.o)
    0x0800042e   0x0800042e   0x00000002   PAD
    0x08000430   0x08000430   0x00000008   Code   RO         1206    .text               c_w.l(libspace.o)
    0x08000438   0x08000438   0x0000000c   Code   RO         1267    .text               c_w.l(sys_exit.o)
    0x08000444   0x08000444   0x00000002   Code   RO         1278    .text               c_w.l(use_no_semi.o)
    0x08000446   0x08000446   0x00000000   Code   RO         1280    .text               c_w.l(indicate_semi.o)
    0x08000446   0x08000446   0x00000002   PAD
    0x08000448   0x08000448   0x0000002c   Code   RO           73    i.Config_Motor      main.o
    0x08000474   0x08000474   0x00000208   Code   RO           74    i.CountPeople       main.o
    0x0800067c   0x0800067c   0x0000002c   Code   RO           75    i.DS1820_GPIO_Configure  main.o
    0x080006a8   0x080006a8   0x00000054   Code   RO           76    i.DS1820_ResetPulse  main.o
    0x080006fc   0x080006fc   0x00000030   Code   RO         1071    i.DWT_Delay         dwt_delay.o
    0x0800072c   0x0800072c   0x00000030   Code   RO         1072    i.DWT_Init          dwt_delay.o
    0x0800075c   0x0800075c   0x0000004c   Code   RO           77    i.EXTI15_10_IRQHandler  main.o
    0x080007a8   0x080007a8   0x00000068   Code   RO           78    i.EXTI9_5_IRQHandler  main.o
    0x08000810   0x08000810   0x00000030   Code   RO           79    i.GPIO_Config       main.o
    0x08000840   0x08000840   0x0000002c   Code   RO           80    i.IR_GPIO_Config    main.o
    0x0800086c   0x0800086c   0x00000030   Code   RO           81    i.LED_Config        main.o
    0x0800089c   0x0800089c   0x0000001c   Code   RO           82    i.LL_AHB1_GRP1_EnableClock  main.o
    0x080008b8   0x080008b8   0x0000001c   Code   RO           83    i.LL_APB1_GRP1_EnableClock  main.o
    0x080008d4   0x080008d4   0x0000001c   Code   RO           84    i.LL_APB2_GRP1_EnableClock  main.o
    0x080008f0   0x080008f0   0x0000000c   Code   RO           85    i.LL_EXTI_ClearFlag_0_31  main.o
    0x080008fc   0x080008fc   0x00000010   Code   RO         1003    i.LL_EXTI_DisableEvent_0_31  stm32l1xx_ll_exti.o
    0x0800090c   0x0800090c   0x00000010   Code   RO         1004    i.LL_EXTI_DisableIT_0_31  stm32l1xx_ll_exti.o
    0x0800091c   0x0800091c   0x00000010   Code   RO         1005    i.LL_EXTI_EnableEvent_0_31  stm32l1xx_ll_exti.o
    0x0800092c   0x0800092c   0x00000010   Code   RO         1006    i.LL_EXTI_EnableFallingTrig_0_31  stm32l1xx_ll_exti.o
    0x0800093c   0x0800093c   0x00000010   Code   RO         1007    i.LL_EXTI_EnableIT_0_31  stm32l1xx_ll_exti.o
    0x0800094c   0x0800094c   0x00000010   Code   RO         1008    i.LL_EXTI_EnableRisingTrig_0_31  stm32l1xx_ll_exti.o
    0x0800095c   0x0800095c   0x000000bc   Code   RO         1009    i.LL_EXTI_Init      stm32l1xx_ll_exti.o
    0x08000a18   0x08000a18   0x00000018   Code   RO           86    i.LL_EXTI_IsActiveFlag_0_31  main.o
    0x08000a30   0x08000a30   0x00000144   Code   RO          813    i.LL_GPIO_Init      stm32l1xx_ll_gpio.o
    0x08000b74   0x08000b74   0x00000012   Code   RO           87    i.LL_GPIO_IsInputPinSet  main.o
    0x08000b86   0x08000b86   0x00000006   Code   RO           88    i.LL_GPIO_ResetOutputPin  main.o
    0x08000b8c   0x08000b8c   0x00000004   Code   RO           89    i.LL_GPIO_SetOutputPin  main.o
    0x08000b90   0x08000b90   0x00000028   Code   RO           90    i.LL_GPIO_SetPinMode  main.o
    0x08000bb8   0x08000bb8   0x00000028   Code   RO           91    i.LL_GPIO_SetPinPull  main.o
    0x08000be0   0x08000be0   0x0000001c   Code   RO          710    i.LL_Init1msTick    stm32l1xx_ll_utils.o
    0x08000bfc   0x08000bfc   0x00000010   Code   RO           92    i.LL_RCC_HSI_IsReady  main.o
    0x08000c0c   0x08000c0c   0x0000002c   Code   RO           93    i.LL_SYSCFG_SetEXTISource  main.o
    0x08000c38   0x08000c38   0x0000000c   Code   RO          717    i.LL_SetSystemCoreClock  stm32l1xx_ll_utils.o
    0x08000c44   0x08000c44   0x00000008   Code   RO           94    i.LL_TIM_CC_EnableChannel  main.o
    0x08000c4c   0x08000c4c   0x00000008   Code   RO           95    i.LL_TIM_ClearFlag_UPDATE  main.o
    0x08000c54   0x08000c54   0x0000000a   Code   RO           96    i.LL_TIM_EnableCounter  main.o
    0x08000c5e   0x08000c5e   0x00000006   Code   RO           97    i.LL_TIM_GetCounter  main.o
    0x08000c64   0x08000c64   0x00000084   Code   RO          875    i.LL_TIM_Init       stm32l1xx_ll_tim.o
    0x08000ce8   0x08000ce8   0x0000005c   Code   RO          876    i.LL_TIM_OC_Init    stm32l1xx_ll_tim.o
    0x08000d44   0x08000d44   0x00000004   Code   RO           98    i.LL_TIM_SetCounter  main.o
    0x08000d48   0x08000d48   0x00000028   Code   RO          718    i.LL_mDelay         stm32l1xx_ll_utils.o
    0x08000d70   0x08000d70   0x00000016   Code   RO           99    i.NVIC_EnableIRQ    main.o
    0x08000d86   0x08000d86   0x00000002   PAD
    0x08000d88   0x08000d88   0x00000028   Code   RO          100    i.NVIC_SetPriority  main.o
    0x08000db0   0x08000db0   0x0000004a   Code   RO          879    i.OC1Config         stm32l1xx_ll_tim.o
    0x08000dfa   0x08000dfa   0x0000004a   Code   RO          880    i.OC2Config         stm32l1xx_ll_tim.o
    0x08000e44   0x08000e44   0x0000004a   Code   RO          881    i.OC3Config         stm32l1xx_ll_tim.o
    0x08000e8e   0x08000e8e   0x0000004a   Code   RO          882    i.OC4Config         stm32l1xx_ll_tim.o
    0x08000ed8   0x08000ed8   0x0000001c   Code   RO          101    i.OW_Master         main.o
    0x08000ef4   0x08000ef4   0x00000028   Code   RO          102    i.OW_ReadBit        main.o
    0x08000f1c   0x08000f1c   0x00000028   Code   RO          103    i.OW_ReadByte       main.o
    0x08000f44   0x08000f44   0x0000001c   Code   RO          104    i.OW_Slave          main.o
    0x08000f60   0x08000f60   0x0000003c   Code   RO          105    i.OW_WriteBit       main.o
    0x08000f9c   0x08000f9c   0x0000001a   Code   RO          106    i.OW_WriteByte      main.o
    0x08000fb6   0x08000fb6   0x00000002   PAD
    0x08000fb8   0x08000fb8   0x00000044   Code   RO          107    i.PA11_EXTI_Config  main.o
    0x08000ffc   0x08000ffc   0x00000044   Code   RO          108    i.PA8_EXTI_Config   main.o
    0x08001040   0x08001040   0x0000012c   Code   RO          109    i.SystemClock_Config  main.o
    0x0800116c   0x0800116c   0x00000064   Code   RO            5    i.SystemInit        system_stm32l1xx.o
    0x080011d0   0x080011d0   0x00000020   Code   RO          110    i.TIM4_IRQHandler   main.o
    0x080011f0   0x080011f0   0x00000030   Code   RO          111    i.TIMBase_Config    main.o
    0x08001220   0x08001220   0x00000034   Code   RO          112    i.TIM_BASE_Config   main.o
    0x08001254   0x08001254   0x00000030   Code   RO          113    i.TIM_BASE_Config_buzzer  main.o
    0x08001284   0x08001284   0x00000038   Code   RO          114    i.TIM_BASE_DurationConfig  main.o
    0x080012bc   0x080012bc   0x00000040   Code   RO          115    i.TIM_OC_Config     main.o
    0x080012fc   0x080012fc   0x00000060   Code   RO          116    i.TIM_OC_Config_buzzer  main.o
    0x0800135c   0x0800135c   0x00000030   Code   RO          117    i.TIM_OC_GPIO_Config  main.o
    0x0800138c   0x0800138c   0x00000030   Code   RO          118    i.TIM_OC_GPIO_Config_buzzer  main.o
    0x080013bc   0x080013bc   0x00000290   Code   RO          119    i.main              main.o
    0x0800164c   0x0800164c   0x0000005c   Code   RO          120    i.seg_config        main.o
    0x080016a8   0x080016a8   0x00000062   Code   RO         1136    x$fpl$d2f           fz_ws.l(d2f.o)
    0x0800170a   0x0800170a   0x00000018   Code   RO         1194    x$fpl$dcmpinf       fz_ws.l(dcmpi.o)
    0x08001722   0x08001722   0x00000002   PAD
    0x08001724   0x08001724   0x000002b0   Code   RO         1139    x$fpl$ddiv          fz_ws.l(ddiv.o)
    0x080019d4   0x080019d4   0x00000026   Code   RO         1142    x$fpl$dfltu         fz_ws.l(dflt_clz.o)
    0x080019fa   0x080019fa   0x00000002   PAD
    0x080019fc   0x080019fc   0x00000078   Code   RO         1166    x$fpl$dleqf         fz_ws.l(dleqf.o)
    0x08001a74   0x08001a74   0x0000009c   Code   RO         1168    x$fpl$dnaninf       fz_ws.l(dnaninf.o)
    0x08001b10   0x08001b10   0x0000000c   Code   RO         1170    x$fpl$dretinf       fz_ws.l(dretinf.o)
    0x08001b1c   0x08001b1c   0x0000006c   Code   RO         1148    x$fpl$drleqf        fz_ws.l(drleqf.o)
    0x08001b88   0x08001b88   0x00000056   Code   RO         1150    x$fpl$f2d           fz_ws.l(f2d.o)
    0x08001bde   0x08001bde   0x00000002   PAD
    0x08001be0   0x08001be0   0x00000036   Code   RO         1152    x$fpl$ffix          fz_ws.l(ffix.o)
    0x08001c16   0x08001c16   0x00000002   PAD
    0x08001c18   0x08001c18   0x00000102   Code   RO         1156    x$fpl$fmul          fz_ws.l(fmul.o)
    0x08001d1a   0x08001d1a   0x0000008c   Code   RO         1172    x$fpl$fnaninf       fz_ws.l(fnaninf.o)
    0x08001da6   0x08001da6   0x0000000a   Code   RO         1174    x$fpl$fretinf       fz_ws.l(fretinf.o)
    0x08001db0   0x08001db0   0x00000000   Code   RO         1176    x$fpl$usenofp       fz_ws.l(usenofp.o)
    0x08001db0   0x08001db0   0x00000020   Data   RO         1335    Region$$Table       anon$$obj.o


    Execution Region ER_RW (Exec base: 0x20000000, Load base: 0x08001dd0, Size: 0x000000bc, Max: 0xffffffff, ABSOLUTE)

    Exec Addr    Load Addr    Size         Type   Attr      Idx    E Section Name        Object

    0x20000000   0x08001dd0   0x00000004   Data   RW            7    .data               system_stm32l1xx.o
    0x20000004   0x08001dd4   0x000000b8   Data   RW          122    .data               main.o


    Execution Region ER_ZI (Exec base: 0x200000bc, Load base: 0x08001e8c, Size: 0x00000664, Max: 0xffffffff, ABSOLUTE)

    Exec Addr    Load Addr    Size         Type   Attr      Idx    E Section Name        Object

    0x200000bc        -       0x00000060   Zero   RW         1207    .bss                c_w.l(libspace.o)
    0x2000011c   0x08001e8c   0x00000004   PAD
    0x20000120        -       0x00000200   Zero   RW           64    HEAP                startup_stm32l152xb.o
    0x20000320        -       0x00000400   Zero   RW           63    STACK               startup_stm32l152xb.o


==============================================================================

Image component sizes


      Code (inc. data)   RO Data    RW Data    ZI Data      Debug   Object Name

        96         22          0          0          0       1051   dwt_delay.o
      3296        306          0        184          0     104708   main.o
        64         26        244          0       1536        896   startup_stm32l152xb.o
       284         28          0          0          0       7339   stm32l1xx_ll_exti.o
       324          0          0          0          0       7359   stm32l1xx_ll_gpio.o
       520         20          0          0          0      29323   stm32l1xx_ll_tim.o
        80          6          0          0          0       6013   stm32l1xx_ll_utils.o
       100         18          0          4          0     270659   system_stm32l1xx.o

    ----------------------------------------------------------------------
      4768        426        276        188       1536     427348   Object Totals
         0          0         32          0          0          0   (incl. Generated)
         4          0          0          0          0          0   (incl. Padding)

    ----------------------------------------------------------------------

      Code (inc. data)   RO Data    RW Data    ZI Data      Debug   Library Member Name

         8          0          0          0          0         68   __main.o
       104          0          0          0          0         84   __printf.o
         0          0          0          0          0          0   __rtentry.o
        12          0          0          0          0          0   __rtentry2.o
         6          0          0          0          0          0   __rtentry4.o
        52          8          0          0          0          0   __scatter.o
        26          0          0          0          0          0   __scatter_copy.o
        28          0          0          0          0          0   __scatter_zi.o
        48          6          0          0          0         96   _printf_char_common.o
         6          0          0          0          0          0   _printf_d.o
       120         16          0          0          0         92   _printf_dec.o
       178          0          0          0          0         88   _printf_intcommon.o
         0          0          0          0          0          0   _printf_percent.o
         4          0          0          0          0          0   _printf_percent_end.o
        10          0          0          0          0         68   _sputc.o
        18          0          0          0          0         80   exit.o
         6          0          0          0          0        152   heapauxi.o
         0          0          0          0          0          0   indicate_semi.o
         2          0          0          0          0          0   libinit.o
         2          0          0          0          0          0   libinit2.o
         2          0          0          0          0          0   libshutdown.o
         2          0          0          0          0          0   libshutdown2.o
         8          4          0          0         96         68   libspace.o
        40          6          0          0          0         84   noretval__2sprintf.o
         2          0          0          0          0          0   rtexit.o
        10          0          0          0          0          0   rtexit2.o
        12          4          0          0          0         68   sys_exit.o
        74          0          0          0          0         80   sys_stackheap_outer.o
         2          0          0          0          0         68   use_no_semi.o
        98          4          0          0          0         92   d2f.o
        24          0          0          0          0         68   dcmpi.o
       688        140          0          0          0        208   ddiv.o
        38          0          0          0          0         68   dflt_clz.o
       120          4          0          0          0         92   dleqf.o
       156          4          0          0          0         92   dnaninf.o
        12          0          0          0          0         68   dretinf.o
       108          0          0          0          0         80   drleqf.o
        86          4          0          0          0         84   f2d.o
        54          4          0          0          0         84   ffix.o
       258          4          0          0          0         84   fmul.o
       140          4          0          0          0         84   fnaninf.o
        10          0          0          0          0         68   fretinf.o
         0          0          0          0          0          0   usenofp.o

    ----------------------------------------------------------------------
      2588        212          0          0        100       2268   Library Totals
        14          0          0          0          4          0   (incl. Padding)

    ----------------------------------------------------------------------

      Code (inc. data)   RO Data    RW Data    ZI Data      Debug   Library Name

       782         44          0          0         96       1096   c_w.l
      1792        168          0          0          0       1172   fz_ws.l

    ----------------------------------------------------------------------
      2588        212          0          0        100       2268   Library Totals

    ----------------------------------------------------------------------

==============================================================================


      Code (inc. data)   RO Data    RW Data    ZI Data      Debug   

      7356        638        276        188       1636     425088   Grand Totals
      7356        638        276        188       1636     425088   ELF Image Totals
      7356        638        276        188          0          0   ROM Totals

==============================================================================

    Total RO  Size (Code + RO Data)                 7632 (   7.45kB)
    Total RW  Size (RW Data + ZI Data)              1824 (   1.78kB)
    Total ROM Size (Code + RO Data + RW Data)       7820 (   7.64kB)

==============================================================================

